Component: ARM Compiler 5.06 update 7 (build 960) Tool: armlink [4d3601]

==============================================================================

Section Cross References

    mbed/TARGET_KL25Z/TOOLCHAIN_ARM_STD/analogin_api.o(i.analogin_init) refers to mbed/TARGET_KL25Z/TOOLCHAIN_ARM_STD/mbed.ar(mbed_pinmap_common.o)(i.pinmap_peripheral) for pinmap_peripheral
    mbed/TARGET_KL25Z/TOOLCHAIN_ARM_STD/analogin_api.o(i.analogin_init) refers to C:\Keil_v5\ARM\ARMCC\Bin\..\lib\armlib\c_p.l(aeabi_sdivfast.o)(.text) for __aeabi_uidivmod
    mbed/TARGET_KL25Z/TOOLCHAIN_ARM_STD/analogin_api.o(i.analogin_init) refers to mbed/TARGET_KL25Z/TOOLCHAIN_ARM_STD/mbed.ar(mbed_assert.o)(i.mbed_assert_internal) for mbed_assert_internal
    mbed/TARGET_KL25Z/TOOLCHAIN_ARM_STD/analogin_api.o(i.analogin_init) refers to mbed/TARGET_KL25Z/TOOLCHAIN_ARM_STD/mbed.ar(mbed_pinmap_common.o)(i.pinmap_pinout) for pinmap_pinout
    mbed/TARGET_KL25Z/TOOLCHAIN_ARM_STD/analogin_api.o(i.analogin_init) refers to mbed/TARGET_KL25Z/TOOLCHAIN_ARM_STD/PeripheralPins.o(.constdata) for PinMap_ADC
    mbed/TARGET_KL25Z/TOOLCHAIN_ARM_STD/analogin_api.o(i.analogin_init) refers to mbed/TARGET_KL25Z/TOOLCHAIN_ARM_STD/system_MKL25Z4.o(.data) for SystemCoreClock
    mbed/TARGET_KL25Z/TOOLCHAIN_ARM_STD/analogin_api.o(i.analogin_init) refers to mbed/TARGET_KL25Z/TOOLCHAIN_ARM_STD/analogin_api.o(.conststring) for .conststring
    mbed/TARGET_KL25Z/TOOLCHAIN_ARM_STD/analogin_api.o(i.analogin_read) refers to C:\Keil_v5\ARM\ARMCC\Bin\..\lib\armlib\fz_ps.l(fflti.o)(.text) for __aeabi_ui2f
    mbed/TARGET_KL25Z/TOOLCHAIN_ARM_STD/analogin_api.o(i.analogin_read) refers to C:\Keil_v5\ARM\ARMCC\Bin\..\lib\armlib\fz_ps.l(fmul.o)(x$fpl$fmul) for __aeabi_fmul
    mbed/TARGET_KL25Z/TOOLCHAIN_ARM_STD/analogout_api.o(i.analogout_init) refers to mbed/TARGET_KL25Z/TOOLCHAIN_ARM_STD/mbed.ar(mbed_pinmap_common.o)(i.pinmap_peripheral) for pinmap_peripheral
    mbed/TARGET_KL25Z/TOOLCHAIN_ARM_STD/analogout_api.o(i.analogout_init) refers to mbed/TARGET_KL25Z/TOOLCHAIN_ARM_STD/mbed.ar(mbed_pinmap_common.o)(i.pinmap_pinout) for pinmap_pinout
    mbed/TARGET_KL25Z/TOOLCHAIN_ARM_STD/analogout_api.o(i.analogout_init) refers to mbed/TARGET_KL25Z/TOOLCHAIN_ARM_STD/mbed.ar(mbed_assert.o)(i.mbed_assert_internal) for mbed_assert_internal
    mbed/TARGET_KL25Z/TOOLCHAIN_ARM_STD/analogout_api.o(i.analogout_init) refers to mbed/TARGET_KL25Z/TOOLCHAIN_ARM_STD/PeripheralPins.o(.constdata) for PinMap_DAC
    mbed/TARGET_KL25Z/TOOLCHAIN_ARM_STD/analogout_api.o(i.analogout_init) refers to mbed/TARGET_KL25Z/TOOLCHAIN_ARM_STD/analogout_api.o(.conststring) for .conststring
    mbed/TARGET_KL25Z/TOOLCHAIN_ARM_STD/analogout_api.o(i.analogout_read) refers to C:\Keil_v5\ARM\ARMCC\Bin\..\lib\armlib\fz_ps.l(fflti.o)(.text) for __aeabi_ui2f
    mbed/TARGET_KL25Z/TOOLCHAIN_ARM_STD/analogout_api.o(i.analogout_read) refers to C:\Keil_v5\ARM\ARMCC\Bin\..\lib\armlib\fz_ps.l(fmul.o)(x$fpl$fmul) for __aeabi_fmul
    mbed/TARGET_KL25Z/TOOLCHAIN_ARM_STD/analogout_api.o(i.analogout_write) refers to C:\Keil_v5\ARM\ARMCC\Bin\..\lib\armlib\fz_ps.l(fmul.o)(x$fpl$fmul) for __aeabi_fmul
    mbed/TARGET_KL25Z/TOOLCHAIN_ARM_STD/analogout_api.o(i.analogout_write) refers to C:\Keil_v5\ARM\ARMCC\Bin\..\lib\armlib\fz_ps.l(ffixi.o)(.text) for __aeabi_f2iz
    mbed/TARGET_KL25Z/TOOLCHAIN_ARM_STD/except.o(.text) refers to mbed/TARGET_KL25Z/TOOLCHAIN_ARM_STD/mbed_fault_handler.o(i.mbed_fault_handler) for mbed_fault_handler
    mbed/TARGET_KL25Z/TOOLCHAIN_ARM_STD/except.o(.text) refers to mbed/TARGET_KL25Z/TOOLCHAIN_ARM_STD/mbed_fault_handler.o(.constdata) for mbed_fault_context
    mbed/TARGET_KL25Z/TOOLCHAIN_ARM_STD/gpio_api.o(i.gpio_dir) refers to mbed/TARGET_KL25Z/TOOLCHAIN_ARM_STD/mbed.ar(mbed_assert.o)(i.mbed_assert_internal) for mbed_assert_internal
    mbed/TARGET_KL25Z/TOOLCHAIN_ARM_STD/gpio_api.o(i.gpio_dir) refers to mbed/TARGET_KL25Z/TOOLCHAIN_ARM_STD/gpio_api.o(.conststring) for .conststring
    mbed/TARGET_KL25Z/TOOLCHAIN_ARM_STD/gpio_api.o(i.gpio_init) refers to mbed/TARGET_KL25Z/TOOLCHAIN_ARM_STD/pinmap.o(i.pin_function) for pin_function
    mbed/TARGET_KL25Z/TOOLCHAIN_ARM_STD/gpio_api.o(i.gpio_mode) refers to mbed/TARGET_KL25Z/TOOLCHAIN_ARM_STD/pinmap.o(i.pin_mode) for pin_mode
    mbed/TARGET_KL25Z/TOOLCHAIN_ARM_STD/gpio_api.o(i.gpio_set) refers to mbed/TARGET_KL25Z/TOOLCHAIN_ARM_STD/pinmap.o(i.pin_function) for pin_function
    mbed/TARGET_KL25Z/TOOLCHAIN_ARM_STD/gpio_api.o(i.gpio_set) refers to mbed/TARGET_KL25Z/TOOLCHAIN_ARM_STD/mbed.ar(mbed_assert.o)(i.mbed_assert_internal) for mbed_assert_internal
    mbed/TARGET_KL25Z/TOOLCHAIN_ARM_STD/gpio_api.o(i.gpio_set) refers to mbed/TARGET_KL25Z/TOOLCHAIN_ARM_STD/gpio_api.o(.conststring) for .conststring
    mbed/TARGET_KL25Z/TOOLCHAIN_ARM_STD/gpio_irq_api.o(i.gpio_irqA) refers to mbed/TARGET_KL25Z/TOOLCHAIN_ARM_STD/gpio_irq_api.o(i.handle_interrupt_in) for handle_interrupt_in
[...]
    __cxa_guard_release                      0x00004245   Thumb Code    32  mbed/TARGET_KL25Z/TOOLCHAIN_ARM_STD/mbed_retarget.o(i.__cxa_guard_release)
    __user_setup_stackheap                   0x000042cd   Thumb Code     8  mbed/TARGET_KL25Z/TOOLCHAIN_ARM_STD/mbed_retarget.o(i.__user_setup_stackheap)
    _is_digit                                0x000042d5   Thumb Code    14  C:\Keil_v5\ARM\ARMCC\Bin\..\lib\armlib\c_p.l(__printf_wp.o)(i._is_digit)
    _mbed_user_setup_stackheap               0x000042e5   Thumb Code    10  mbed/TARGET_KL25Z/TOOLCHAIN_ARM_STD/mbed_retarget.o(i._mbed_user_setup_stackheap)
    _platform_post_stackheap_init            0x000042f5   Thumb Code    24  mbed/TARGET_KL25Z/TOOLCHAIN_ARM_STD/mbed_sdk_boot.o(i._platform_post_stackheap_init)
    _sys_close                               0x00004315   Thumb Code    60  mbed/TARGET_KL25Z/TOOLCHAIN_ARM_STD/mbed_retarget.o(i._sys_close)
    _sys_flen                                0x00004355   Thumb Code    48  mbed/TARGET_KL25Z/TOOLCHAIN_ARM_STD/mbed_retarget.o(i._sys_flen)
    _sys_istty                               0x00004385   Thumb Code    46  mbed/TARGET_KL25Z/TOOLCHAIN_ARM_STD/mbed_retarget.o(i._sys_istty)
    _sys_open                                0x000043b5   Thumb Code   178  mbed/TARGET_KL25Z/TOOLCHAIN_ARM_STD/mbed_retarget.o(i._sys_open)
    _sys_seek                                0x00004475   Thumb Code    56  mbed/TARGET_KL25Z/TOOLCHAIN_ARM_STD/mbed_retarget.o(i._sys_seek)
    _sys_write                               0x000044ad   Thumb Code    98  mbed/TARGET_KL25Z/TOOLCHAIN_ARM_STD/mbed_retarget.o(i._sys_write)
    core_util_are_interrupts_enabled         0x00004519   Thumb Code    12  mbed/TARGET_KL25Z/TOOLCHAIN_ARM_STD/mbed.ar(mbed_critical.o)(i.core_util_are_interrupts_enabled)
    core_util_atomic_decr_u16                0x00004525   Thumb Code    46  mbed/TARGET_KL25Z/TOOLCHAIN_ARM_STD/mbed.ar(mbed_critical.o)(i.core_util_atomic_decr_u16)
    core_util_atomic_flag_test_and_set       0x00004559   Thumb Code    50  mbed/TARGET_KL25Z/TOOLCHAIN_ARM_STD/mbed.ar(mbed_critical.o)(i.core_util_atomic_flag_test_and_set)
    core_util_atomic_incr_u16                0x00004591   Thumb Code    46  mbed/TARGET_KL25Z/TOOLCHAIN_ARM_STD/mbed.ar(mbed_critical.o)(i.core_util_atomic_incr_u16)
    core_util_critical_section_enter         0x000045c5   Thumb Code    32  mbed/TARGET_KL25Z/TOOLCHAIN_ARM_STD/mbed.ar(mbed_critical.o)(i.core_util_critical_section_enter)
    core_util_critical_section_exit          0x00004621   Thumb Code    30  mbed/TARGET_KL25Z/TOOLCHAIN_ARM_STD/mbed.ar(mbed_critical.o)(i.core_util_critical_section_exit)
    core_util_is_isr_active                  0x00004645   Thumb Code    12  mbed/TARGET_KL25Z/TOOLCHAIN_ARM_STD/mbed.ar(mbed_critical.o)(i.core_util_is_isr_active)
    exit                                     0x00004651   Thumb Code   110  mbed/TARGET_KL25Z/TOOLCHAIN_ARM_STD/mbed_retarget.o(i.exit)
    get_us_ticker_data                       0x000046c9   Thumb Code     4  mbed/TARGET_KL25Z/TOOLCHAIN_ARM_STD/mbed.ar(mbed_us_ticker_api.o)(i.get_us_ticker_data)
    gpio_dir                                 0x000046d1   Thumb Code    50  mbed/TARGET_KL25Z/TOOLCHAIN_ARM_STD/gpio_api.o(i.gpio_dir)
    gpio_init                                0x00004721   Thumb Code    56  mbed/TARGET_KL25Z/TOOLCHAIN_ARM_STD/gpio_api.o(i.gpio_init)
    gpio_init_in                             0x0000475d   Thumb Code    34  mbed/TARGET_KL25Z/TOOLCHAIN_ARM_STD/mbed.ar(mbed_gpio.o)(i.gpio_init_in)
    gpio_init_inout                          0x00004781   Thumb Code   120  mbed/TARGET_KL25Z/TOOLCHAIN_ARM_STD/mbed.ar(mbed_gpio.o)(i.gpio_init_inout)
    gpio_init_out                            0x00004801   Thumb Code    56  mbed/TARGET_KL25Z/TOOLCHAIN_ARM_STD/mbed.ar(mbed_gpio.o)(i.gpio_init_out)
    gpio_init_out_ex                         0x00004841   Thumb Code    66  mbed/TARGET_KL25Z/TOOLCHAIN_ARM_STD/mbed.ar(mbed_gpio.o)(i.gpio_init_out_ex)
    gpio_mode                                0x000048d1   Thumb Code    14  mbed/TARGET_KL25Z/TOOLCHAIN_ARM_STD/gpio_api.o(i.gpio_mode)
    hal_critical_section_enter               0x000048e1   Thumb Code    28  mbed/TARGET_KL25Z/TOOLCHAIN_ARM_STD/mbed.ar(mbed_critical_section_api.o)(i.hal_critical_section_enter)
    hal_critical_section_exit                0x00004901   Thumb Code    40  mbed/TARGET_KL25Z/TOOLCHAIN_ARM_STD/mbed.ar(mbed_critical_section_api.o)(i.hal_critical_section_exit)
    i2c_frequency                            0x000049a5   Thumb Code   118  mbed/TARGET_KL25Z/TOOLCHAIN_ARM_STD/i2c_api.o(i.i2c_frequency)
    i2c_init                                 0x00004a29   Thumb Code   246  mbed/TARGET_KL25Z/TOOLCHAIN_ARM_STD/i2c_api.o(i.i2c_init)
    i2c_read                                 0x00004b59   Thumb Code   272  mbed/TARGET_KL25Z/TOOLCHAIN_ARM_STD/i2c_api.o(i.i2c_read)
    i2c_stop                                 0x00004c69   Thumb Code    44  mbed/TARGET_KL25Z/TOOLCHAIN_ARM_STD/i2c_api.o(i.i2c_stop)
    i2c_write                                0x00004cc9   Thumb Code   196  mbed/TARGET_KL25Z/TOOLCHAIN_ARM_STD/i2c_api.o(i.i2c_write)
    $Super$$main                             0x00004efd   Thumb Code   340  .\build\main.o(i.main)
    mbed_assert_internal                     0x0000506d   Thumb Code    26  mbed/TARGET_KL25Z/TOOLCHAIN_ARM_STD/mbed.ar(mbed_assert.o)(i.mbed_assert_internal)
    mbed_die                                 0x0000508d   Thumb Code   134  mbed/TARGET_KL25Z/TOOLCHAIN_ARM_STD/mbed_board.o(i.mbed_die)
    mbed_error                               0x0000516d   Thumb Code   152  mbed/TARGET_KL25Z/TOOLCHAIN_ARM_STD/mbed.ar(mbed_error.o)(i.mbed_error)
    mbed_error_printf                        0x00005219   Thumb Code    74  mbed/TARGET_KL25Z/TOOLCHAIN_ARM_STD/mbed_board.o(i.mbed_error_printf)
    mbed_error_puts                          0x00005269   Thumb Code    30  mbed/TARGET_KL25Z/TOOLCHAIN_ARM_STD/mbed_board.o(i.mbed_error_puts)
    mbed_fault_handler                       0x00005289   Thumb Code    96  mbed/TARGET_KL25Z/TOOLCHAIN_ARM_STD/mbed_fault_handler.o(i.mbed_fault_handler)
    mbed_interface_connected                 0x00005399   Thumb Code     8  mbed/TARGET_KL25Z/TOOLCHAIN_ARM_STD/mbed.ar(mbed_interface.o)(i.mbed_interface_connected)
    open                                     0x000053a1   Thumb Code   162  mbed/TARGET_KL25Z/TOOLCHAIN_ARM_STD/mbed_retarget.o(i.open)
    pin_function                             0x00005451   Thumb Code    64  mbed/TARGET_KL25Z/TOOLCHAIN_ARM_STD/pinmap.o(i.pin_function)
    pin_mode                                 0x000054b1   Thumb Code    32  mbed/TARGET_KL25Z/TOOLCHAIN_ARM_STD/pinmap.o(i.pin_mode)
    pinmap_merge                             0x000054ed   Thumb Code    36  mbed/TARGET_KL25Z/TOOLCHAIN_ARM_STD/mbed.ar(mbed_pinmap_common.o)(i.pinmap_merge)
    pinmap_peripheral                        0x00005529   Thumb Code    60  mbed/TARGET_KL25Z/TOOLCHAIN_ARM_STD/mbed.ar(mbed_pinmap_common.o)(i.pinmap_peripheral)
    pinmap_pinout                            0x00005589   Thumb Code    70  mbed/TARGET_KL25Z/TOOLCHAIN_ARM_STD/mbed.ar(mbed_pinmap_common.o)(i.pinmap_pinout)
    print_context_info                       0x000055e9   Thumb Code   138  mbed/TARGET_KL25Z/TOOLCHAIN_ARM_STD/mbed_fault_handler.o(i.print_context_info)
    pwmout_init                              0x000058d5   Thumb Code   486  mbed/TARGET_KL25Z/TOOLCHAIN_ARM_STD/pwmout_api.o(i.pwmout_init)
    pwmout_period_us                         0x00005b09   Thumb Code   132  mbed/TARGET_KL25Z/TOOLCHAIN_ARM_STD/pwmout_api.o(i.pwmout_period_us)
    pwmout_write                             0x00005b95   Thumb Code    60  mbed/TARGET_KL25Z/TOOLCHAIN_ARM_STD/pwmout_api.o(i.pwmout_write)
    semihost_connected                       0x00005d05   Thumb Code     6  mbed/TARGET_KL25Z/TOOLCHAIN_ARM_STD/mbed.ar(mbed_semihost_api.o)(i.semihost_connected)
    semihost_exit                            0x00005d11   Thumb Code    12  mbed/TARGET_KL25Z/TOOLCHAIN_ARM_STD/mbed.ar(mbed_semihost_api.o)(i.semihost_exit)
    serial_baud                              0x00005d1d   Thumb Code   352  mbed/TARGET_KL25Z/TOOLCHAIN_ARM_STD/serial_api.o(i.serial_baud)
    serial_format                            0x00005e9d   Thumb Code   140  mbed/TARGET_KL25Z/TOOLCHAIN_ARM_STD/serial_api.o(i.serial_format)
    serial_init                              0x00005f69   Thumb Code   332  mbed/TARGET_KL25Z/TOOLCHAIN_ARM_STD/serial_api.o(i.serial_init)
    serial_putc                              0x000060f5   Thumb Code    36  mbed/TARGET_KL25Z/TOOLCHAIN_ARM_STD/serial_api.o(i.serial_putc)
    sleep_manager_lock_deep_sleep_internal   0x00006119   Thumb Code    50  mbed/TARGET_KL25Z/TOOLCHAIN_ARM_STD/mbed.ar(mbed_sleep_manager.o)(i.sleep_manager_lock_deep_sleep_internal)
    sleep_manager_unlock_deep_sleep_internal 0x00006181   Thumb Code    48  mbed/TARGET_KL25Z/TOOLCHAIN_ARM_STD/mbed.ar(mbed_sleep_manager.o)(i.sleep_manager_unlock_deep_sleep_internal)
    ticker_irq_handler                       0x000061d9   Thumb Code   104  mbed/TARGET_KL25Z/TOOLCHAIN_ARM_STD/mbed.ar(mbed_ticker_api.o)(i.ticker_irq_handler)
    ticker_read                              0x00006241   Thumb Code    30  mbed/TARGET_KL25Z/TOOLCHAIN_ARM_STD/mbed.ar(mbed_ticker_api.o)(i.ticker_read)
    ticker_read_us                           0x0000625f   Thumb Code    34  mbed/TARGET_KL25Z/TOOLCHAIN_ARM_STD/mbed.ar(mbed_ticker_api.o)(i.ticker_read_us)
    us_ticker_clear_interrupt                0x00006385   Thumb Code     2  mbed/TARGET_KL25Z/TOOLCHAIN_ARM_STD/us_ticker.o(i.us_ticker_clear_interrupt)
    us_ticker_disable_interrupt              0x00006389   Thumb Code    12  mbed/TARGET_KL25Z/TOOLCHAIN_ARM_STD/us_ticker.o(i.us_ticker_disable_interrupt)
    us_ticker_fire_interrupt                 0x00006399   Thumb Code    18  mbed/TARGET_KL25Z/TOOLCHAIN_ARM_STD/us_ticker.o(i.us_ticker_fire_interrupt)
    us_ticker_free                           0x000063b5   Thumb Code     2  mbed/TARGET_KL25Z/TOOLCHAIN_ARM_STD/us_ticker.o(i.us_ticker_free)
    us_ticker_get_info                       0x000063b9   Thumb Code     4  mbed/TARGET_KL25Z/TOOLCHAIN_ARM_STD/us_ticker.o(i.us_ticker_get_info)
    us_ticker_init                           0x000063c1   Thumb Code   402  mbed/TARGET_KL25Z/TOOLCHAIN_ARM_STD/us_ticker.o(i.us_ticker_init)
    us_ticker_irq_handler                    0x00006591   Thumb Code    14  mbed/TARGET_KL25Z/TOOLCHAIN_ARM_STD/mbed.ar(mbed_us_ticker_api.o)(i.us_ticker_irq_handler)
    us_ticker_read                           0x000065a9   Thumb Code     8  mbed/TARGET_KL25Z/TOOLCHAIN_ARM_STD/us_ticker.o(i.us_ticker_read)
    us_ticker_set_interrupt                  0x000065b5   Thumb Code    80  mbed/TARGET_KL25Z/TOOLCHAIN_ARM_STD/us_ticker.o(i.us_ticker_set_interrupt)
    wait                                     0x00006615   Thumb Code    40  mbed/TARGET_KL25Z/TOOLCHAIN_ARM_STD/mbed.ar(mbed_wait_api_no_rtos.o)(i.wait)
    wait_us                                  0x00006641   Thumb Code    30  mbed/TARGET_KL25Z/TOOLCHAIN_ARM_STD/mbed.ar(mbed_wait_api_no_rtos.o)(i.wait_us)
    write                                    0x0000665f   Thumb Code    56  mbed/TARGET_KL25Z/TOOLCHAIN_ARM_STD/mbed_retarget.o(i.write)
    _get_lc_numeric                          0x00006699   Thumb Code    44  C:\Keil_v5\ARM\ARMCC\Bin\..\lib\armlib\c_p.l(lc_numeric_c.o)(locale$$code)
    _get_lc_ctype                            0x000066c5   Thumb Code    44  C:\Keil_v5\ARM\ARMCC\Bin\..\lib\armlib\c_p.l(lc_ctype_c.o)(locale$$code)
    SingletonPtr<PlatformMutex>::operator ->() const 0x000066f1   Thumb Code    34  mbed/TARGET_KL25Z/TOOLCHAIN_ARM_STD/mbed.ar(FileBase.o)(t._ZNK12SingletonPtrI13PlatformMutexEptEv)
    __aeabi_fmul                             0x0000671d   Thumb Code     0  C:\Keil_v5\ARM\ARMCC\Bin\..\lib\armlib\fz_ps.l(fmul.o)(x$fpl$fmul)
    _fmul                                    0x0000671d   Thumb Code   172  C:\Keil_v5\ARM\ARMCC\Bin\..\lib\armlib\fz_ps.l(fmul.o)(x$fpl$fmul)
    _printf_fp_dec                           0x000067cd   Thumb Code    16  C:\Keil_v5\ARM\ARMCC\Bin\..\lib\armlib\fz_ps.l(printf1.o)(x$fpl$printf1)
    _printf_fp_hex                           0x000067dd   Thumb Code    16  C:\Keil_v5\ARM\ARMCC\Bin\..\lib\armlib\fz_ps.l(printf2.o)(x$fpl$printf2)
    __I$use$fp                               0x000067ec   Number         0  C:\Keil_v5\ARM\ARMCC\Bin\..\lib\armlib\fz_ps.l(usenofp.o)(x$fpl$usenofp)
    mbed_fault_context                       0x00006874   Data           4  mbed/TARGET_KL25Z/TOOLCHAIN_ARM_STD/mbed_fault_handler.o(.constdata)
    __stdin_name                             0x00006878   Data           7  mbed/TARGET_KL25Z/TOOLCHAIN_ARM_STD/mbed_retarget.o(.constdata)
    __stdout_name                            0x0000687f   Data           8  mbed/TARGET_KL25Z/TOOLCHAIN_ARM_STD/mbed_retarget.o(.constdata)
    __stderr_name                            0x00006887   Data           8  mbed/TARGET_KL25Z/TOOLCHAIN_ARM_STD/mbed_retarget.o(.constdata)
    PinMap_I2C_SDA                           0x000068a0   Data         108  mbed/TARGET_KL25Z/TOOLCHAIN_ARM_STD/PeripheralPins.o(.constdata)
    PinMap_I2C_SCL                           0x0000690c   Data          96  mbed/TARGET_KL25Z/TOOLCHAIN_ARM_STD/PeripheralPins.o(.constdata)
    PinMap_UART_TX                           0x0000696c   Data         108  mbed/TARGET_KL25Z/TOOLCHAIN_ARM_STD/PeripheralPins.o(.constdata)
    PinMap_UART_RX                           0x000069d8   Data         108  mbed/TARGET_KL25Z/TOOLCHAIN_ARM_STD/PeripheralPins.o(.constdata)
    PinMap_PWM                               0x00006a44   Data         444  mbed/TARGET_KL25Z/TOOLCHAIN_ARM_STD/PeripheralPins.o(.constdata)
    vtable for DirectSerial                  0x00006dec   Data          80  mbed/TARGET_KL25Z/TOOLCHAIN_ARM_STD/mbed_retarget.o(.constdata__ZTV12DirectSerial)
    vtable for mbed::I2C                     0x00006e3c   Data          24  mbed/TARGET_KL25Z/TOOLCHAIN_ARM_STD/mbed.ar(I2C.o)(.constdata__ZTVN4mbed3I2CE)
    SingletonPtr<PlatformMutex>::get() const::string 0x00006e54   Data          20  mbed/TARGET_KL25Z/TOOLCHAIN_ARM_STD/mbed_retarget.o(.constdata__ZZNK12SingletonPtrI13PlatformMutexE3getEvEs)
    SingletonPtr<PlatformMutex>::get() const::string (instance 2) 0x00006e68   Data          83  mbed/TARGET_KL25Z/TOOLCHAIN_ARM_STD/mbed_retarget.o(.constdata__ZZNK12SingletonPtrI13PlatformMutexE3getEvEs_0)
    Region$$Table$$Base                      0x00007360   Number         0  anon$$obj.o(Region$$Table)
    Region$$Table$$Limit                     0x00007380   Number         0  anon$$obj.o(Region$$Table)
    __ctype                                  0x000073a9   Data           0  C:\Keil_v5\ARM\ARMCC\Bin\..\lib\armlib\c_p.l(lc_ctype_c.o)(locale$$data)
    SHT$$INIT_ARRAY$$Base                    0x000074ac   Number         0  .\build\main.o(.init_array)
    SHT$$INIT_ARRAY$$Limit                   0x000074b0   Number         0  C:\Keil_v5\ARM\ARMCC\Bin\..\lib\armlib\c_p.l(init_aeabi.o)(.init_array)
    stdio_uart_inited                        0x1ffff10c   Data           4  mbed/TARGET_KL25Z/TOOLCHAIN_ARM_STD/serial_api.o(.data)
    stdio_uart                               0x1ffff114   Data           8  mbed/TARGET_KL25Z/TOOLCHAIN_ARM_STD/serial_api.o(.data)
    SystemCoreClock                          0x1ffff11c   Data           4  mbed/TARGET_KL25Z/TOOLCHAIN_ARM_STD/system_MKL25Z4.o(.data)
    timeSpent                                0x1ffff168   Data           4  .\build\main.o(.data)
    mbed::I2C::_owner                        0x1ffff16c   Data           4  mbed/TARGET_KL25Z/TOOLCHAIN_ARM_STD/mbed.ar(I2C.o)(.data)
    mbed::FileBase::_head                    0x1ffff1a4   Data           4  mbed/TARGET_KL25Z/TOOLCHAIN_ARM_STD/mbed.ar(FileBase.o)(.data)
    mbed::FileBase::_default                 0x1ffff1a8   Data           4  mbed/TARGET_KL25Z/TOOLCHAIN_ARM_STD/mbed.ar(FileBase.o)(.data)
    __aeabi_stdin                            0x1ffff1ac   Data           4  C:\Keil_v5\ARM\ARMCC\Bin\..\lib\armlib\c_p.l(stdio_streams.o)(.data)
    __aeabi_stdout                           0x1ffff1b0   Data           4  C:\Keil_v5\ARM\ARMCC\Bin\..\lib\armlib\c_p.l(stdio_streams.o)(.data)
    __aeabi_stderr                           0x1ffff1b4   Data           4  C:\Keil_v5\ARM\ARMCC\Bin\..\lib\armlib\c_p.l(stdio_streams.o)(.data)
    fault_context                            0x1ffff1bc   Data          84  mbed/TARGET_KL25Z/TOOLCHAIN_ARM_STD/mbed_fault_handler.o(.bss)
    t                                        0x1ffff3b8   Data          32  .\build\main.o(.bss)
    mbed::I2C::_mutex                        0x1ffff3d8   Data          16  mbed/TARGET_KL25Z/TOOLCHAIN_ARM_STD/mbed.ar(I2C.o)(.bss)
    mbed::FileBase::_mutex                   0x1ffff490   Data          16  mbed/TARGET_KL25Z/TOOLCHAIN_ARM_STD/mbed.ar(FileBase.o)(.bss)
    __stdin                                  0x1ffff4a4   Data          84  C:\Keil_v5\ARM\ARMCC\Bin\..\lib\armlib\c_p.l(stdio_streams.o)(.bss)
    __stdout                                 0x1ffff4f8   Data          84  C:\Keil_v5\ARM\ARMCC\Bin\..\lib\armlib\c_p.l(stdio_streams.o)(.bss)
    __stderr                                 0x1ffff54c   Data          84  C:\Keil_v5\ARM\ARMCC\Bin\..\lib\armlib\c_p.l(stdio_streams.o)(.bss)
    Image$$RW_IRAM1$$ZI$$Limit               0x1ffff5b8   Number         0  anon$$obj.o ABSOLUTE



==============================================================================

Memory Map of the image

  Image Entry point : 0x000000c1

  Load Region LR_IROM1 (Base: 0x00000000, Size: 0x000075ac, Max: 0x00020000, ABSOLUTE)

    Execution Region ER_IROM1 (Exec base: 0x00000000, Load base: 0x00000000, Size: 0x000074b0, Max: 0x00020000, ABSOLUTE)

    Exec Addr    Load Addr    Size         Type   Attr      Idx    E Section Name        Object

    0x00000000   0x00000000   0x000000c0   Data   RO          613    RESET               mbed/TARGET_KL25Z/TOOLCHAIN_ARM_STD/startup_MKL25Z4.o
    0x000000c0   0x000000c0   0x00000008   Code   RO         1914  * !!!main             C:\Keil_v5\ARM\ARMCC\Bin\..\lib\armlib\c_p.l(__main.o)
    0x000000c8   0x000000c8   0x0000003c   Code   RO         2477    !!!scatter          C:\Keil_v5\ARM\ARMCC\Bin\..\lib\armlib\c_p.l(__scatter.o)
    0x00000104   0x00000104   0x0000001a   Code   RO         2479    !!handler_copy      C:\Keil_v5\ARM\ARMCC\Bin\..\lib\armlib\c_p.l(__scatter_copy.o)
    0x0000011e   0x0000011e   0x00000002   PAD
    0x00000120   0x00000120   0x0000001c   Code   RO         2481    !!handler_zi        C:\Keil_v5\ARM\ARMCC\Bin\..\lib\armlib\c_p.l(__scatter_zi.o)
    0x0000013c   0x0000013c   0x00000002   Code   RO         2179    .ARM.Collect$$_printf_percent$$00000000  C:\Keil_v5\ARM\ARMCC\Bin\..\lib\armlib\c_p.l(_printf_percent.o)
    0x0000013e   0x0000013e   0x0000000a   Code   RO         2168    .ARM.Collect$$_printf_percent$$00000001  C:\Keil_v5\ARM\ARMCC\Bin\..\lib\armlib\c_p.l(_printf_n.o)
    0x00000148   0x00000148   0x0000000a   Code   RO         2170    .ARM.Collect$$_printf_percent$$00000002  C:\Keil_v5\ARM\ARMCC\Bin\..\lib\armlib\c_p.l(_printf_p.o)
    0x00000152   0x00000152   0x0000000a   Code   RO         2175    .ARM.Collect$$_printf_percent$$00000003  C:\Keil_v5\ARM\ARMCC\Bin\..\lib\armlib\c_p.l(_printf_f.o)
    0x0000015c   0x0000015c   0x0000000a   Code   RO         2176    .ARM.Collect$$_printf_percent$$00000004  C:\Keil_v5\ARM\ARMCC\Bin\..\lib\armlib\c_p.l(_printf_e.o)
    0x00000166   0x00000166   0x0000000a   Code   RO         2177    .ARM.Collect$$_printf_percent$$00000005  C:\Keil_v5\ARM\ARMCC\Bin\..\lib\armlib\c_p.l(_printf_g.o)
    0x00000170   0x00000170   0x0000000a   Code   RO         2178    .ARM.Collect$$_printf_percent$$00000006  C:\Keil_v5\ARM\ARMCC\Bin\..\lib\armlib\c_p.l(_printf_a.o)
    0x0000017a   0x0000017a   0x0000000a   Code   RO         2183    .ARM.Collect$$_printf_percent$$00000007  C:\Keil_v5\ARM\ARMCC\Bin\..\lib\armlib\c_p.l(_printf_ll.o)
    0x00000184   0x00000184   0x0000000a   Code   RO         2172    .ARM.Collect$$_printf_percent$$00000008  C:\Keil_v5\ARM\ARMCC\Bin\..\lib\armlib\c_p.l(_printf_i.o)
    0x0000018e   0x0000018e   0x0000000a   Code   RO         2173    .ARM.Collect$$_printf_percent$$00000009  C:\Keil_v5\ARM\ARMCC\Bin\..\lib\armlib\c_p.l(_printf_d.o)
    0x00000198   0x00000198   0x0000000a   Code   RO         2174    .ARM.Collect$$_printf_percent$$0000000A  C:\Keil_v5\ARM\ARMCC\Bin\..\lib\armlib\c_p.l(_printf_u.o)
    0x000001a2   0x000001a2   0x0000000a   Code   RO         2171    .ARM.Collect$$_printf_percent$$0000000B  C:\Keil_v5\ARM\ARMCC\Bin\..\lib\armlib\c_p.l(_printf_o.o)
    0x000001ac   0x000001ac   0x0000000a   Code   RO         2169    .ARM.Collect$$_printf_percent$$0000000C  C:\Keil_v5\ARM\ARMCC\Bin\..\lib\armlib\c_p.l(_printf_x.o)
    0x000001b6   0x000001b6   0x0000000a   Code   RO         2180    .ARM.Collect$$_printf_percent$$0000000D  C:\Keil_v5\ARM\ARMCC\Bin\..\lib\armlib\c_p.l(_printf_lli.o)
    0x000001c0   0x000001c0   0x0000000a   Code   RO         2181    .ARM.Collect$$_printf_percent$$0000000E  C:\Keil_v5\ARM\ARMCC\Bin\..\lib\armlib\c_p.l(_printf_lld.o)
    0x000001ca   0x000001ca   0x0000000a   Code   RO         2182    .ARM.Collect$$_printf_percent$$0000000F  C:\Keil_v5\ARM\ARMCC\Bin\..\lib\armlib\c_p.l(_printf_llu.o)
    0x000001d4   0x000001d4   0x0000000a   Code   RO         2187    .ARM.Collect$$_printf_percent$$00000010  C:\Keil_v5\ARM\ARMCC\Bin\..\lib\armlib\c_p.l(_printf_llo.o)
    0x000001de   0x000001de   0x0000000a   Code   RO         2188    .ARM.Collect$$_printf_percent$$00000011  C:\Keil_v5\ARM\ARMCC\Bin\..\lib\armlib\c_p.l(_printf_llx.o)
    0x000001e8   0x000001e8   0x0000000a   Code   RO         2184    .ARM.Collect$$_printf_percent$$00000012  C:\Keil_v5\ARM\ARMCC\Bin\..\lib\armlib\c_p.l(_printf_l.o)
    0x000001f2   0x000001f2   0x0000000a   Code   RO         2166    .ARM.Collect$$_printf_percent$$00000013  C:\Keil_v5\ARM\ARMCC\Bin\..\lib\armlib\c_p.l(_printf_c.o)
    0x000001fc   0x000001fc   0x0000000a   Code   RO         2167    .ARM.Collect$$_printf_percent$$00000014  C:\Keil_v5\ARM\ARMCC\Bin\..\lib\armlib\c_p.l(_printf_s.o)
    0x00000206   0x00000206   0x0000000a   Code   RO         2185    .ARM.Collect$$_printf_percent$$00000015  C:\Keil_v5\ARM\ARMCC\Bin\..\lib\armlib\c_p.l(_printf_lc.o)
    0x00000210   0x00000210   0x0000000a   Code   RO         2186    .ARM.Collect$$_printf_percent$$00000016  C:\Keil_v5\ARM\ARMCC\Bin\..\lib\armlib\c_p.l(_printf_ls.o)
    0x0000021a   0x0000021a   0x00000004   Code   RO         2327    .ARM.Collect$$_printf_percent$$00000017  C:\Keil_v5\ARM\ARMCC\Bin\..\lib\armlib\c_p.l(_printf_percent_end.o)
    0x0000021e   0x0000021e   0x00000002   Code   RO         2438    .ARM.Collect$$libinit$$00000000  C:\Keil_v5\ARM\ARMCC\Bin\..\lib\armlib\c_p.l(libinit.o)
    0x00000220   0x00000220   0x00000000   Code   RO         2217    .ARM.Collect$$libinit$$00000002  C:\Keil_v5\ARM\ARMCC\Bin\..\lib\armlib\c_p.l(libinit2.o)
    0x00000220   0x00000220   0x00000000   Code   RO         2219    .ARM.Collect$$libinit$$00000004  C:\Keil_v5\ARM\ARMCC\Bin\..\lib\armlib\c_p.l(libinit2.o)
    0x00000220   0x00000220   0x00000008   Code   RO         2220    .ARM.Collect$$libinit$$00000005  C:\Keil_v5\ARM\ARMCC\Bin\..\lib\armlib\c_p.l(libinit2.o)
    0x00000228   0x00000228   0x00000000   Code   RO         2222    .ARM.Collect$$libinit$$0000000A  C:\Keil_v5\ARM\ARMCC\Bin\..\lib\armlib\c_p.l(libinit2.o)
    0x00000228   0x00000228   0x00000000   Code   RO         2224    .ARM.Collect$$libinit$$0000000C  C:\Keil_v5\ARM\ARMCC\Bin\..\lib\armlib\c_p.l(libinit2.o)
    0x00000228   0x00000228   0x00000000   Code   RO         2226    .ARM.Collect$$libinit$$0000000E  C:\Keil_v5\ARM\ARMCC\Bin\..\lib\armlib\c_p.l(libinit2.o)
    0x00000228   0x00000228   0x00000006   Code   RO         2227    .ARM.Collect$$libinit$$0000000F  C:\Keil_v5\ARM\ARMCC\Bin\..\lib\armlib\c_p.l(libinit2.o)
    0x0000022e   0x0000022e   0x00000000   Code   RO         2229    .ARM.Collect$$libinit$$00000011  C:\Keil_v5\ARM\ARMCC\Bin\..\lib\armlib\c_p.l(libinit2.o)
    0x0000022e   0x0000022e   0x0000000c   Code   RO         2230    .ARM.Collect$$libinit$$00000012  C:\Keil_v5\ARM\ARMCC\Bin\..\lib\armlib\c_p.l(libinit2.o)
    0x0000023a   0x0000023a   0x00000000   Code   RO         2231    .ARM.Collect$$libinit$$00000013  C:\Keil_v5\ARM\ARMCC\Bin\..\lib\armlib\c_p.l(libinit2.o)
    0x0000023a   0x0000023a   0x00000000   Code   RO         2233    .ARM.Collect$$libinit$$00000015  C:\Keil_v5\ARM\ARMCC\Bin\..\lib\armlib\c_p.l(libinit2.o)
    0x0000023a   0x0000023a   0x0000000a   Code   RO         2234    .ARM.Collect$$libinit$$00000016  C:\Keil_v5\ARM\ARMCC\Bin\..\lib\armlib\c_p.l(libinit2.o)
    0x00000244   0x00000244   0x00000000   Code   RO         2235    .ARM.Collect$$libinit$$00000017  C:\Keil_v5\ARM\ARMCC\Bin\..\lib\armlib\c_p.l(libinit2.o)
    0x00000244   0x00000244   0x00000000   Code   RO         2237    .ARM.Collect$$libinit$$00000019  C:\Keil_v5\ARM\ARMCC\Bin\..\lib\armlib\c_p.l(libinit2.o)
    0x00000244   0x00000244   0x00000000   Code   RO         2239    .ARM.Collect$$libinit$$0000001B  C:\Keil_v5\ARM\ARMCC\Bin\..\lib\armlib\c_p.l(libinit2.o)
    0x00000244   0x00000244   0x00000000   Code   RO         2241    .ARM.Collect$$libinit$$0000001D  C:\Keil_v5\ARM\ARMCC\Bin\..\lib\armlib\c_p.l(libinit2.o)
    0x00000244   0x00000244   0x00000000   Code   RO         2243    .ARM.Collect$$libinit$$0000001F  C:\Keil_v5\ARM\ARMCC\Bin\..\lib\armlib\c_p.l(libinit2.o)
    0x00000244   0x00000244   0x00000000   Code   RO         2245    .ARM.Collect$$libinit$$00000021  C:\Keil_v5\ARM\ARMCC\Bin\..\lib\armlib\c_p.l(libinit2.o)
    0x00000244   0x00000244   0x00000000   Code   RO         2247    .ARM.Collect$$libinit$$00000023  C:\Keil_v5\ARM\ARMCC\Bin\..\lib\armlib\c_p.l(libinit2.o)
    0x00000244   0x00000244   0x00000004   Code   RO         2248    .ARM.Collect$$libinit$$00000024  C:\Keil_v5\ARM\ARMCC\Bin\..\lib\armlib\c_p.l(libinit2.o)
    0x00000248   0x00000248   0x00000000   Code   RO         2249    .ARM.Collect$$libinit$$00000025  C:\Keil_v5\ARM\ARMCC\Bin\..\lib\armlib\c_p.l(libinit2.o)
    0x00000248   0x00000248   0x00000000   Code   RO         2253    .ARM.Collect$$libinit$$0000002C  C:\Keil_v5\ARM\ARMCC\Bin\..\lib\armlib\c_p.l(libinit2.o)
    0x00000248   0x00000248   0x00000000   Code   RO         2255    .ARM.Collect$$libinit$$0000002E  C:\Keil_v5\ARM\ARMCC\Bin\..\lib\armlib\c_p.l(libinit2.o)
    0x00000248   0x00000248   0x00000000   Code   RO         2257    .ARM.Collect$$libinit$$00000030  C:\Keil_v5\ARM\ARMCC\Bin\..\lib\armlib\c_p.l(libinit2.o)
    0x00000248   0x00000248   0x00000004   Code   RO         2258    .ARM.Collect$$libinit$$00000031  C:\Keil_v5\ARM\ARMCC\Bin\..\lib\armlib\c_p.l(libinit2.o)
    0x0000024c   0x0000024c   0x00000000   Code   RO         2259    .ARM.Collect$$libinit$$00000032  C:\Keil_v5\ARM\ARMCC\Bin\..\lib\armlib\c_p.l(libinit2.o)
    0x0000024c   0x0000024c   0x00000002   Code   RO         2260    .ARM.Collect$$libinit$$00000033  C:\Keil_v5\ARM\ARMCC\Bin\..\lib\armlib\c_p.l(libinit2.o)
    0x0000024e   0x0000024e   0x00000000   Code   RO         2360    .ARM.Collect$$libshutdown$$00000006  C:\Keil_v5\ARM\ARMCC\Bin\..\lib\armlib\c_p.l(libshutdown2.o)
    0x0000024e   0x0000024e   0x00000000   Code   RO         2062    .ARM.Collect$$rtentry$$00000000  C:\Keil_v5\ARM\ARMCC\Bin\..\lib\armlib\c_p.l(__rtentry.o)
    0x0000024e   0x0000024e   0x00000000   Code   RO         2284    .ARM.Collect$$rtentry$$00000002  C:\Keil_v5\ARM\ARMCC\Bin\..\lib\armlib\c_p.l(__rtentry2.o)
    0x0000024e   0x0000024e   0x00000006   Code   RO         2296    .ARM.Collect$$rtentry$$00000004  C:\Keil_v5\ARM\ARMCC\Bin\..\lib\armlib\c_p.l(__rtentry4.o)
    0x00000254   0x00000254   0x00000008   Code   RO         2285    .ARM.Collect$$rtentry$$00000008  C:\Keil_v5\ARM\ARMCC\Bin\..\lib\armlib\c_p.l(__rtentry2.o)
    0x0000025c   0x0000025c   0x00000004   Code   RO         2287    .ARM.Collect$$rtentry$$0000000A  C:\Keil_v5\ARM\ARMCC\Bin\..\lib\armlib\c_p.l(__rtentry2.o)
    0x00000260   0x00000260   0x00000000   Code   RO         2289    .ARM.Collect$$rtentry$$0000000C  C:\Keil_v5\ARM\ARMCC\Bin\..\lib\armlib\c_p.l(__rtentry2.o)
    0x00000260   0x00000260   0x00000008   Code   RO         2290    .ARM.Collect$$rtentry$$0000000D  C:\Keil_v5\ARM\ARMCC\Bin\..\lib\armlib\c_p.l(__rtentry2.o)
    0x00000268   0x00000268   0x00000038   Code   RO         1902    .emb_text           C:\Keil_v5\ARM\ARMCC\Bin\..\lib\armlib\c_p.l(rt_memcpy.o)
    0x000002a0   0x000002a0   0x00000000   Code   RO         2304    .emb_text           C:\Keil_v5\ARM\ARMCC\Bin\..\lib\armlib\c_p.l(maybetermalloc1.o)
    0x000002a0   0x000002a0   0x000000d0   Code   RO           29    .text               mbed/TARGET_KL25Z/TOOLCHAIN_ARM_STD/except.o
    0x00000370   0x00000370   0x0000001c   Code   RO          615    .text               mbed/TARGET_KL25Z/TOOLCHAIN_ARM_STD/startup_MKL25Z4.o
    0x0000038c   0x0000038c   0x00000008   Code   RO         1799    .text               C:\Keil_v5\ARM\ARMCC\Bin\..\lib\armlib\c_p.l(rt_errno_addr.o)
    0x00000394   0x00000394   0x00000062   Code   RO         1808    .text               C:\Keil_v5\ARM\ARMCC\Bin\..\lib\armlib\c_p.l(h1_alloc.o)
    0x000003f6   0x000003f6   0x00000002   PAD
    0x000003f8   0x000003f8   0x00000008   Code   RO         2071    .text               C:\Keil_v5\ARM\ARMCC\Bin\..\lib\armlib\c_p.l(rt_heap_descriptor.o)
    0x00000400   0x00000400   0x00000010   Code   RO          614    .ARM.__at_0x400     mbed/TARGET_KL25Z/TOOLCHAIN_ARM_STD/startup_MKL25Z4.o
    0x00000410   0x00000410   0x0000004c   Code   RO         1810    .text               C:\Keil_v5\ARM\ARMCC\Bin\..\lib\armlib\c_p.l(h1_free.o)
    0x0000045c   0x0000045c   0x00000020   Code   RO         1866    .text               C:\Keil_v5\ARM\ARMCC\Bin\..\lib\armlib\c_p.l(llshl.o)
    0x0000047c   0x0000047c   0x00000022   Code   RO         1868    .text               C:\Keil_v5\ARM\ARMCC\Bin\..\lib\armlib\c_p.l(llushr.o)
    0x0000049e   0x0000049e   0x00000030   Code   RO         1870    .text               C:\Keil_v5\ARM\ARMCC\Bin\..\lib\armlib\c_p.l(llmul.o)
    0x000004ce   0x000004ce   0x00000102   Code   RO         1872    .text               C:\Keil_v5\ARM\ARMCC\Bin\..\lib\armlib\c_p.l(lludiv.o)
    0x000005d0   0x000005d0   0x00000038   Code   RO         1874    .text               C:\Keil_v5\ARM\ARMCC\Bin\..\lib\armlib\c_p.l(vsnprintf.o)
    0x00000608   0x00000608   0x00000068   Code   RO         1880    .text               C:\Keil_v5\ARM\ARMCC\Bin\..\lib\armlib\c_p.l(fflush.o)
    0x00000670   0x00000670   0x000000e8   Code   RO         1882    .text               C:\Keil_v5\ARM\ARMCC\Bin\..\lib\armlib\c_p.l(fopen.o)
    0x00000758   0x00000758   0x00000020   Code   RO         1896    .text               C:\Keil_v5\ARM\ARMCC\Bin\..\lib\armlib\c_p.l(strspn.o)
    0x00000778   0x00000778   0x0000005a   Code   RO         1898    .text               C:\Keil_v5\ARM\ARMCC\Bin\..\lib\armlib\c_p.l(memcmp.o)
    0x000007d2   0x000007d2   0x00000002   PAD
    0x000007d4   0x000007d4   0x00000044   Code   RO         1900    .text               C:\Keil_v5\ARM\ARMCC\Bin\..\lib\armlib\c_p.l(strlen.o)
    0x00000818   0x00000818   0x00000040   Code   RO         1906    .text               C:\Keil_v5\ARM\ARMCC\Bin\..\lib\armlib\c_p.l(rt_memclr.o)
    0x00000858   0x00000858   0x000000a0   Code   RO         1908    .text               C:\Keil_v5\ARM\ARMCC\Bin\..\lib\armlib\c_p.l(strcmpv6m.o)
    0x000008f8   0x000008f8   0x000001e8   Code   RO         1910    .text               C:\Keil_v5\ARM\ARMCC\Bin\..\lib\armlib\c_p.l(aeabi_sdivfast.o)
    0x00000ae0   0x00000ae0   0x00000024   Code   RO         1919    .text               C:\Keil_v5\ARM\ARMCC\Bin\..\lib\armlib\c_p.l(init_aeabi.o)
    0x00000b04   0x00000b04   0x0000007c   Code   RO         2031    .text               C:\Keil_v5\ARM\ARMCC\Bin\..\lib\armlib\fz_ps.l(d2f.o)
    0x00000b80   0x00000b80   0x00000358   Code   RO         2033    .text               C:\Keil_v5\ARM\ARMCC\Bin\..\lib\armlib\fz_ps.l(daddsub.o)
    0x00000ed8   0x00000ed8   0x00000448   Code   RO         2035    .text               C:\Keil_v5\ARM\ARMCC\Bin\..\lib\armlib\fz_ps.l(ddiv.o)
    0x00001320   0x00001320   0x00000248   Code   RO         2038    .text               C:\Keil_v5\ARM\ARMCC\Bin\..\lib\armlib\fz_ps.l(dmul.o)
    0x00001568   0x00001568   0x00000054   Code   RO         2040    .text               C:\Keil_v5\ARM\ARMCC\Bin\..\lib\armlib\fz_ps.l(f2d.o)
    0x000015bc   0x000015bc   0x00000160   Code   RO         2042    .text               C:\Keil_v5\ARM\ARMCC\Bin\..\lib\armlib\fz_ps.l(fdiv.o)
    0x0000171c   0x0000171c   0x0000004c   Code   RO         2045    .text               C:\Keil_v5\ARM\ARMCC\Bin\..\lib\armlib\fz_ps.l(ffixi.o)
    0x00001768   0x00001768   0x00000030   Code   RO         2047    .text               C:\Keil_v5\ARM\ARMCC\Bin\..\lib\armlib\fz_ps.l(ffixui.o)
    0x00001798   0x00001798   0x0000005e   Code   RO         2049    .text               C:\Keil_v5\ARM\ARMCC\Bin\..\lib\armlib\fz_ps.l(fflti.o)
    0x000017f6   0x000017f6   0x00000082   Code   RO         2051    .text               C:\Keil_v5\ARM\ARMCC\Bin\..\lib\armlib\fz_ps.l(ffltl.o)
    0x00001878   0x00001878   0x00000044   Code   RO         2055    .text               C:\Keil_v5\ARM\ARMCC\Bin\..\lib\armlib\fz_ps.l(fscalbn.o)
    0x000018bc   0x000018bc   0x00000004   Code   RO         2076    .text               C:\Keil_v5\ARM\ARMCC\Bin\..\lib\armlib\c_p.l(hguard.o)
    0x000018c0   0x000018c0   0x00000088   Code   RO         2078    .text               C:\Keil_v5\ARM\ARMCC\Bin\..\lib\armlib\c_p.l(init_alloc.o)
    0x00001948   0x00001948   0x0000000e   Code   RO         2082    .text               C:\Keil_v5\ARM\ARMCC\Bin\..\lib\armlib\c_p.l(h1_init.o)
    0x00001956   0x00001956   0x0000004e   Code   RO         2098    .text               C:\Keil_v5\ARM\ARMCC\Bin\..\lib\armlib\c_p.l(_printf_pad.o)
    0x000019a4   0x000019a4   0x00000024   Code   RO         2100    .text               C:\Keil_v5\ARM\ARMCC\Bin\..\lib\armlib\c_p.l(_printf_truncate.o)
    0x000019c8   0x000019c8   0x00000052   Code   RO         2102    .text               C:\Keil_v5\ARM\ARMCC\Bin\..\lib\armlib\c_p.l(_printf_str.o)
    0x00001a1a   0x00001a1a   0x00000002   PAD
    0x00001a1c   0x00001a1c   0x0000006c   Code   RO         2104    .text               C:\Keil_v5\ARM\ARMCC\Bin\..\lib\armlib\c_p.l(_printf_dec.o)
    0x00001a88   0x00001a88   0x00000026   Code   RO         2106    .text               C:\Keil_v5\ARM\ARMCC\Bin\..\lib\armlib\c_p.l(_printf_charcount.o)
    0x00001aae   0x00001aae   0x00000002   PAD
    0x00001ab0   0x00001ab0   0x00000030   Code   RO         2108    .text               C:\Keil_v5\ARM\ARMCC\Bin\..\lib\armlib\c_p.l(_printf_char_common.o)
    0x00001ae0   0x00001ae0   0x0000000a   Code   RO         2110    .text               C:\Keil_v5\ARM\ARMCC\Bin\..\lib\armlib\c_p.l(_sputc.o)
    0x00001aea   0x00001aea   0x00000010   Code   RO         2112    .text               C:\Keil_v5\ARM\ARMCC\Bin\..\lib\armlib\c_p.l(_snputc.o)
    0x00001afa   0x00001afa   0x00000002   PAD
    0x00001afc   0x00001afc   0x000000bc   Code   RO         2114    .text               C:\Keil_v5\ARM\ARMCC\Bin\..\lib\armlib\c_p.l(_printf_wctomb.o)
    0x00001bb8   0x00001bb8   0x00000070   Code   RO         2117    .text               C:\Keil_v5\ARM\ARMCC\Bin\..\lib\armlib\c_p.l(_printf_longlong_dec.o)
    0x00001c28   0x00001c28   0x00000070   Code   RO         2123    .text               C:\Keil_v5\ARM\ARMCC\Bin\..\lib\armlib\c_p.l(_printf_oct_int_ll.o)
    0x00001c98   0x00001c98   0x00000098   Code   RO         2143    .text               C:\Keil_v5\ARM\ARMCC\Bin\..\lib\armlib\c_p.l(_printf_hex_int_ll_ptr.o)
    0x00001d30   0x00001d30   0x00000188   Code   RO         2163    .text               C:\Keil_v5\ARM\ARMCC\Bin\..\lib\armlib\c_p.l(__printf_flags_ss_wp.o)
    0x00001eb8   0x00001eb8   0x000000f4   Code   RO         2195    .text               C:\Keil_v5\ARM\ARMCC\Bin\..\lib\armlib\c_p.l(fseek.o)
    0x00001fac   0x00001fac   0x0000004c   Code   RO         2197    .text               C:\Keil_v5\ARM\ARMCC\Bin\..\lib\armlib\c_p.l(setvbuf.o)
    0x00001ff8   0x00001ff8   0x000000f0   Code   RO         2199    .text               C:\Keil_v5\ARM\ARMCC\Bin\..\lib\armlib\c_p.l(stdio.o)
    0x000020e8   0x000020e8   0x0000013c   Code   RO         2202    .text               C:\Keil_v5\ARM\ARMCC\Bin\..\lib\armlib\c_p.l(initio.o)
    0x00002224   0x00002224   0x0000004c   Code   RO         2204    .text               C:\Keil_v5\ARM\ARMCC\Bin\..\lib\armlib\c_p.l(fclose.o)
    0x00002270   0x00002270   0x00000034   Code   RO         2306    .text               C:\Keil_v5\ARM\ARMCC\Bin\..\lib\armlib\c_p.l(h1_extend.o)
    0x000022a4   0x000022a4   0x0000007a   Code   RO         2310    .text               C:\Keil_v5\ARM\ARMCC\Bin\..\lib\armlib\c_p.l(lludiv10.o)
    0x0000231e   0x0000231e   0x000000b0   Code   RO         2314    .text               C:\Keil_v5\ARM\ARMCC\Bin\..\lib\armlib\c_p.l(_printf_intcommon.o)
    0x000023ce   0x000023ce   0x00000002   PAD
    0x000023d0   0x000023d0   0x00000418   Code   RO         2316    .text               C:\Keil_v5\ARM\ARMCC\Bin\..\lib\armlib\c_p.l(_printf_fp_dec.o)
    0x000027e8   0x000027e8   0x000002d8   Code   RO         2318    .text               C:\Keil_v5\ARM\ARMCC\Bin\..\lib\armlib\c_p.l(_printf_fp_hex.o)
    0x00002ac0   0x00002ac0   0x0000002e   Code   RO         2323    .text               C:\Keil_v5\ARM\ARMCC\Bin\..\lib\armlib\c_p.l(_printf_char.o)
    0x00002aee   0x00002aee   0x0000002e   Code   RO         2325    .text               C:\Keil_v5\ARM\ARMCC\Bin\..\lib\armlib\c_p.l(_printf_wchar.o)
    0x00002b1c   0x00002b1c   0x00000042   Code   RO         2330    .text               C:\Keil_v5\ARM\ARMCC\Bin\..\lib\armlib\c_p.l(ftell.o)
    0x00002b5e   0x00002b5e   0x00000040   Code   RO         2332    .text               C:\Keil_v5\ARM\ARMCC\Bin\..\lib\armlib\c_p.l(_wcrtomb.o)
    0x00002b9e   0x00002b9e   0x0000000c   Code   RO         2334    .text               C:\Keil_v5\ARM\ARMCC\Bin\..\lib\armlib\c_p.l(defsig_exit.o)
    0x00002baa   0x00002baa   0x0000000c   Code   RO         2336    .text               C:\Keil_v5\ARM\ARMCC\Bin\..\lib\armlib\c_p.l(defsig_rtred_outer.o)
    0x00002bb6   0x00002bb6   0x0000000c   Code   RO         2340    .text               C:\Keil_v5\ARM\ARMCC\Bin\..\lib\armlib\c_p.l(defsig_rtmem_outer.o)
    0x00002bc2   0x00002bc2   0x00000028   Code   RO         2346    .text               C:\Keil_v5\ARM\ARMCC\Bin\..\lib\armlib\c_p.l(rtudiv10.o)
    0x00002bea   0x00002bea   0x00000002   PAD
    0x00002bec   0x00002bec   0x00000050   Code   RO         2348    .text               C:\Keil_v5\ARM\ARMCC\Bin\..\lib\armlib\c_p.l(heapauxa.o)
    0x00002c3c   0x00002c3c   0x0000000c   Code   RO         2388    .text               C:\Keil_v5\ARM\ARMCC\Bin\..\lib\armlib\c_p.l(sys_exit.o)
    0x00002c48   0x00002c48   0x00000010   Code   RO         2390    .text               C:\Keil_v5\ARM\ARMCC\Bin\..\lib\armlib\c_p.l(rt_ctype_table.o)
    0x00002c58   0x00002c58   0x00000008   Code   RO         2392    .text               C:\Keil_v5\ARM\ARMCC\Bin\..\lib\armlib\c_p.l(rt_locale.o)
    0x00002c60   0x00002c60   0x00000088   Code   RO         2404    .text               C:\Keil_v5\ARM\ARMCC\Bin\..\lib\armlib\c_p.l(_printf_fp_infnan.o)
    0x00002ce8   0x00002ce8   0x000000d8   Code   RO         2406    .text               C:\Keil_v5\ARM\ARMCC\Bin\..\lib\armlib\c_p.l(bigflt0.o)
    0x00002dc0   0x00002dc0   0x00000580   Code   RO         2409    .text               C:\Keil_v5\ARM\ARMCC\Bin\..\lib\armlib\c_p.l(btod.o)
    0x00003340   0x00003340   0x00000034   Code   RO         2421    .text               C:\Keil_v5\ARM\ARMCC\Bin\..\lib\armlib\c_p.l(defsig_general.o)
    0x00003374   0x00003374   0x00000034   Code   RO         2427    .text               C:\Keil_v5\ARM\ARMCC\Bin\..\lib\armlib\c_p.l(defsig_rtred_inner.o)
    0x000033a8   0x000033a8   0x00000050   Code   RO         2429    .text               C:\Keil_v5\ARM\ARMCC\Bin\..\lib\armlib\c_p.l(defsig_rtmem_inner.o)
    0x000033f8   0x000033f8   0x0000000c   Code   RO         2446    .text               C:\Keil_v5\ARM\ARMCC\Bin\..\lib\armlib\c_p.l(sys_wrch.o)
    0x00003404   0x00003404   0x00000002   Code   RO         2448    .text               C:\Keil_v5\ARM\ARMCC\Bin\..\lib\armlib\c_p.l(use_no_semi.o)
    0x00003406   0x00003406   0x00000000   Code   RO         2450    .text               C:\Keil_v5\ARM\ARMCC\Bin\..\lib\armlib\c_p.l(indicate_semi.o)
    0x00003406   0x00003406   0x0000000c   Code   RO          460    i.$Sub$$main        mbed/TARGET_KL25Z/TOOLCHAIN_ARM_STD/mbed_sdk_boot.o
    0x00003412   0x00003412   0x00000010   Code   RO          138    i.NMI_Handler       mbed/TARGET_KL25Z/TOOLCHAIN_ARM_STD/mbed_overrides.o
    0x00003422   0x00003422   0x00000002   PAD
    0x00003424   0x00003424   0x00000098   Code   RO          620    i.SystemInit        mbed/TARGET_KL25Z/TOOLCHAIN_ARM_STD/system_MKL25Z4.o
    0x000034bc   0x000034bc   0x000000a4   Code   RO         1143    i._Z15changeElectrodev  .\build\tsisensor.o
    0x00003560   0x00003560   0x00000090   Code   RO          145    i._Z18reserve_filehandlev  mbed/TARGET_KL25Z/TOOLCHAIN_ARM_STD/mbed_retarget.o
    0x000035f0   0x000035f0   0x0000009c   Code   RO          146    i._Z7get_fhci       mbed/TARGET_KL25Z/TOOLCHAIN_ARM_STD/mbed_retarget.o
    0x0000368c   0x0000368c   0x00000024   Code   RO         1144    i._Z7tsi_irqv       .\build\tsisensor.o
    0x000036b0   0x000036b0   0x00000006   Code   RO          389    i._ZN12DirectSerial4seekEli  mbed/TARGET_KL25Z/TOOLCHAIN_ARM_STD/mbed_retarget.o
    0x000036b6   0x000036b6   0x00000006   Code   RO          392    i._ZN12DirectSerial4sizeEv  mbed/TARGET_KL25Z/TOOLCHAIN_ARM_STD/mbed_retarget.o
    0x000036bc   0x000036bc   0x00000004   Code   RO          398    i._ZN12DirectSerial5closeEv  mbed/TARGET_KL25Z/TOOLCHAIN_ARM_STD/mbed_retarget.o
    0x000036c0   0x000036c0   0x00000024   Code   RO          148    i._ZN12DirectSerial5writeEPKvj  mbed/TARGET_KL25Z/TOOLCHAIN_ARM_STD/mbed_retarget.o
    0x000036e4   0x000036e4   0x00000004   Code   RO          395    i._ZN12DirectSerial6isattyEv  mbed/TARGET_KL25Z/TOOLCHAIN_ARM_STD/mbed_retarget.o
    0x000036e8   0x000036e8   0x00000002   Code   RO          383    i._ZN12DirectSerialD1Ev  mbed/TARGET_KL25Z/TOOLCHAIN_ARM_STD/mbed_retarget.o
    0x000036ea   0x000036ea   0x00000004   Code   RO          419    i._ZN4mbed10FileHandle4syncEv  mbed/TARGET_KL25Z/TOOLCHAIN_ARM_STD/mbed_retarget.o
    0x000036ee   0x000036ee   0x00000002   PAD
    0x000036f0   0x000036f0   0x00000030   Code   RO         1351    i._ZN4mbed3I2C4lockEv  mbed/TARGET_KL25Z/TOOLCHAIN_ARM_STD/mbed.ar(I2C.o)
    0x00003720   0x00003720   0x00000064   Code   RO         1353    i._ZN4mbed3I2C4readEiPcib  mbed/TARGET_KL25Z/TOOLCHAIN_ARM_STD/mbed.ar(I2C.o)
    0x00003784   0x00003784   0x00000064   Code   RO         1357    i._ZN4mbed3I2C5writeEiPKcib  mbed/TARGET_KL25Z/TOOLCHAIN_ARM_STD/mbed.ar(I2C.o)
    0x000037e8   0x000037e8   0x00000030   Code   RO         1359    i._ZN4mbed3I2C6unlockEv  mbed/TARGET_KL25Z/TOOLCHAIN_ARM_STD/mbed.ar(I2C.o)
    0x00003818   0x00003818   0x00000200   Code   RO         1360    i._ZN4mbed3I2C7recoverE7PinNameS1_  mbed/TARGET_KL25Z/TOOLCHAIN_ARM_STD/mbed.ar(I2C.o)
    0x00003a18   0x00003a18   0x00000078   Code   RO         1362    i._ZN4mbed3I2CC1E7PinNameS1_  mbed/TARGET_KL25Z/TOOLCHAIN_ARM_STD/mbed.ar(I2C.o)
    0x00003a90   0x00003a90   0x0000004c   Code   RO         1414    i._ZN4mbed5Timer4readEv  mbed/TARGET_KL25Z/TOOLCHAIN_ARM_STD/mbed.ar(Timer.o)
    0x00003adc   0x00003adc   0x00000050   Code   RO         1415    i._ZN4mbed5Timer4stopEv  mbed/TARGET_KL25Z/TOOLCHAIN_ARM_STD/mbed.ar(Timer.o)
    0x00003b2c   0x00003b2c   0x0000001e   Code   RO         1416    i._ZN4mbed5Timer5resetEv  mbed/TARGET_KL25Z/TOOLCHAIN_ARM_STD/mbed.ar(Timer.o)
    0x00003b4a   0x00003b4a   0x0000002c   Code   RO         1417    i._ZN4mbed5Timer5startEv  mbed/TARGET_KL25Z/TOOLCHAIN_ARM_STD/mbed.ar(Timer.o)
    0x00003b76   0x00003b76   0x00000036   Code   RO         1422    i._ZN4mbed5TimerC1Ev  mbed/TARGET_KL25Z/TOOLCHAIN_ARM_STD/mbed.ar(Timer.o)
    0x00003bac   0x00003bac   0x00000024   Code   RO         1423    i._ZN4mbed5TimerD1Ev  mbed/TARGET_KL25Z/TOOLCHAIN_ARM_STD/mbed.ar(Timer.o)
    0x00003bd0   0x00003bd0   0x0000001e   Code   RO         1245    i._ZN4mbed6PwmOutC1E7PinName  .\build\main.o
    0x00003bee   0x00003bee   0x00000032   Code   RO         1239    i._ZN4mbed6PwmOutaSEf  .\build\main.o
    0x00003c20   0x00003c20   0x0000009c   Code   RO         1763    i._ZN4mbed8FileBase6lookupEPKcj  mbed/TARGET_KL25Z/TOOLCHAIN_ARM_STD/mbed.ar(FileBase.o)
    0x00003cbc   0x00003cbc   0x00000020   Code   RO         1555    i._ZN4mbed8FilePath10fileSystemEv  mbed/TARGET_KL25Z/TOOLCHAIN_ARM_STD/mbed.ar(FilePath.o)
    0x00003cdc   0x00003cdc   0x00000020   Code   RO         1557    i._ZN4mbed8FilePath4fileEv  mbed/TARGET_KL25Z/TOOLCHAIN_ARM_STD/mbed.ar(FilePath.o)
    0x00003cfc   0x00003cfc   0x0000000a   Code   RO         1558    i._ZN4mbed8FilePath6existsEv  mbed/TARGET_KL25Z/TOOLCHAIN_ARM_STD/mbed.ar(FilePath.o)
    0x00003d06   0x00003d06   0x00000018   Code   RO         1559    i._ZN4mbed8FilePath6isFileEv  mbed/TARGET_KL25Z/TOOLCHAIN_ARM_STD/mbed.ar(FilePath.o)
    0x00003d1e   0x00003d1e   0x00000002   PAD
    0x00003d20   0x00003d20   0x00000060   Code   RO         1561    i._ZN4mbed8FilePathC1EPKc  mbed/TARGET_KL25Z/TOOLCHAIN_ARM_STD/mbed.ar(FilePath.o)
    0x00003d80   0x00003d80   0x00000038   Code   RO          652    i._ZN8MMA8451Q10getAccAxisEh  .\build\mma8451q.o
    0x00003db8   0x00003db8   0x00000030   Code   RO          654    i._ZN8MMA8451Q7getAccXEv  .\build\mma8451q.o
    0x00003de8   0x00003de8   0x00000030   Code   RO          655    i._ZN8MMA8451Q7getAccYEv  .\build\mma8451q.o
    0x00003e18   0x00003e18   0x00000030   Code   RO          656    i._ZN8MMA8451Q7getAccZEv  .\build\mma8451q.o
    0x00003e48   0x00003e48   0x00000030   Code   RO          657    i._ZN8MMA8451Q8readRegsEiPhi  .\build\mma8451q.o
    0x00003e78   0x00003e78   0x0000001a   Code   RO          659    i._ZN8MMA8451Q9writeRegsEPhi  .\build\mma8451q.o
    0x00003e92   0x00003e92   0x00000002   PAD
    0x00003e94   0x00003e94   0x00000030   Code   RO          660    i._ZN8MMA8451QC1E7PinNameS0_i  .\build\mma8451q.o
    0x00003ec4   0x00003ec4   0x000000f0   Code   RO         1145    i._ZN9TSISensor10sliderReadEv  .\build\tsisensor.o
    0x00003fb4   0x00003fb4   0x00000034   Code   RO         1147    i._ZN9TSISensor14readPercentageEv  .\build\tsisensor.o
    0x00003fe8   0x00003fe8   0x00000108   Code   RO         1148    i._ZN9TSISensor15selfCalibrationEv  .\build\tsisensor.o
    0x000040f0   0x000040f0   0x00000080   Code   RO         1149    i._ZN9TSISensorC1Ev  .\build\tsisensor.o
    0x00004170   0x00004170   0x0000000a   Code   RO         1251    i._ZSt3absf         .\build\main.o
    0x0000417a   0x0000417a   0x00000030   Code   RO         2412    i.__ARM_common_ll_muluu  C:\Keil_v5\ARM\ARMCC\Bin\..\lib\armlib\c_p.l(btod.o)
    0x000041aa   0x000041aa   0x00000016   Code   RO          121    i.__ARM_common_memcpy1_5  mbed/TARGET_KL25Z/TOOLCHAIN_ARM_STD/mbed_board.o
    0x000041c0   0x000041c0   0x0000002c   Code   RO         2444    i.__ARM_fpclassify  C:\Keil_v5\ARM\ARMCC\Bin\..\lib\armlib\m_ps.l(fpclassify.o)
    0x000041ec   0x000041ec   0x00000058   Code   RO          169    i.__cxa_guard_acquire  mbed/TARGET_KL25Z/TOOLCHAIN_ARM_STD/mbed_retarget.o
    0x00004244   0x00004244   0x00000068   Code   RO          170    i.__cxa_guard_release  mbed/TARGET_KL25Z/TOOLCHAIN_ARM_STD/mbed_retarget.o
    0x000042ac   0x000042ac   0x00000020   Code   RO         1215    i.__sti___8_main_cpp_t  .\build\main.o
    0x000042cc   0x000042cc   0x00000008   Code   RO          171    i.__user_setup_stackheap  mbed/TARGET_KL25Z/TOOLCHAIN_ARM_STD/mbed_retarget.o
    0x000042d4   0x000042d4   0x0000000e   Code   RO         2156    i._is_digit         C:\Keil_v5\ARM\ARMCC\Bin\..\lib\armlib\c_p.l(__printf_wp.o)
    0x000042e2   0x000042e2   0x00000002   PAD
    0x000042e4   0x000042e4   0x00000010   Code   RO          172    i._mbed_user_setup_stackheap  mbed/TARGET_KL25Z/TOOLCHAIN_ARM_STD/mbed_retarget.o
    0x000042f4   0x000042f4   0x00000020   Code   RO          461    i._platform_post_stackheap_init  mbed/TARGET_KL25Z/TOOLCHAIN_ARM_STD/mbed_sdk_boot.o
    0x00004314   0x00004314   0x00000040   Code   RO          173    i._sys_close        mbed/TARGET_KL25Z/TOOLCHAIN_ARM_STD/mbed_retarget.o
    0x00004354   0x00004354   0x00000030   Code   RO          176    i._sys_flen         mbed/TARGET_KL25Z/TOOLCHAIN_ARM_STD/mbed_retarget.o
    0x00004384   0x00004384   0x0000002e   Code   RO          177    i._sys_istty        mbed/TARGET_KL25Z/TOOLCHAIN_ARM_STD/mbed_retarget.o
    0x000043b2   0x000043b2   0x00000002   PAD
    0x000043b4   0x000043b4   0x000000c0   Code   RO          178    i._sys_open         mbed/TARGET_KL25Z/TOOLCHAIN_ARM_STD/mbed_retarget.o
    0x00004474   0x00004474   0x00000038   Code   RO          180    i._sys_seek         mbed/TARGET_KL25Z/TOOLCHAIN_ARM_STD/mbed_retarget.o
    0x000044ac   0x000044ac   0x0000006c   Code   RO          181    i._sys_write        mbed/TARGET_KL25Z/TOOLCHAIN_ARM_STD/mbed_retarget.o
    0x00004518   0x00004518   0x0000000c   Code   RO         1583    i.core_util_are_interrupts_enabled  mbed/TARGET_KL25Z/TOOLCHAIN_ARM_STD/mbed.ar(mbed_critical.o)
    0x00004524   0x00004524   0x00000034   Code   RO         1589    i.core_util_atomic_decr_u16  mbed/TARGET_KL25Z/TOOLCHAIN_ARM_STD/mbed.ar(mbed_critical.o)
    0x00004558   0x00004558   0x00000038   Code   RO         1593    i.core_util_atomic_flag_test_and_set  mbed/TARGET_KL25Z/TOOLCHAIN_ARM_STD/mbed.ar(mbed_critical.o)
    0x00004590   0x00004590   0x00000034   Code   RO         1595    i.core_util_atomic_incr_u16  mbed/TARGET_KL25Z/TOOLCHAIN_ARM_STD/mbed.ar(mbed_critical.o)
    0x000045c4   0x000045c4   0x0000005c   Code   RO         1598    i.core_util_critical_section_enter  mbed/TARGET_KL25Z/TOOLCHAIN_ARM_STD/mbed.ar(mbed_critical.o)
    0x00004620   0x00004620   0x00000024   Code   RO         1599    i.core_util_critical_section_exit  mbed/TARGET_KL25Z/TOOLCHAIN_ARM_STD/mbed.ar(mbed_critical.o)
    0x00004644   0x00004644   0x0000000c   Code   RO         1601    i.core_util_is_isr_active  mbed/TARGET_KL25Z/TOOLCHAIN_ARM_STD/mbed.ar(mbed_critical.o)
    0x00004650   0x00004650   0x00000078   Code   RO          185    i.exit              mbed/TARGET_KL25Z/TOOLCHAIN_ARM_STD/mbed_retarget.o
    0x000046c8   0x000046c8   0x00000008   Code   RO         1518    i.get_us_ticker_data  mbed/TARGET_KL25Z/TOOLCHAIN_ARM_STD/mbed.ar(mbed_us_ticker_api.o)
    0x000046d0   0x000046d0   0x00000050   Code   RO           33    i.gpio_dir          mbed/TARGET_KL25Z/TOOLCHAIN_ARM_STD/gpio_api.o
    0x00004720   0x00004720   0x0000003c   Code   RO           34    i.gpio_init         mbed/TARGET_KL25Z/TOOLCHAIN_ARM_STD/gpio_api.o
    0x0000475c   0x0000475c   0x00000022   Code   RO         1453    i.gpio_init_in      mbed/TARGET_KL25Z/TOOLCHAIN_ARM_STD/mbed.ar(mbed_gpio.o)
    0x0000477e   0x0000477e   0x00000002   PAD
    0x00004780   0x00004780   0x00000080   Code   RO         1455    i.gpio_init_inout   mbed/TARGET_KL25Z/TOOLCHAIN_ARM_STD/mbed.ar(mbed_gpio.o)
    0x00004800   0x00004800   0x00000040   Code   RO         1456    i.gpio_init_out     mbed/TARGET_KL25Z/TOOLCHAIN_ARM_STD/mbed.ar(mbed_gpio.o)
    0x00004840   0x00004840   0x00000090   Code   RO         1457    i.gpio_init_out_ex  mbed/TARGET_KL25Z/TOOLCHAIN_ARM_STD/mbed.ar(mbed_gpio.o)
    0x000048d0   0x000048d0   0x0000000e   Code   RO           35    i.gpio_mode         mbed/TARGET_KL25Z/TOOLCHAIN_ARM_STD/gpio_api.o
    0x000048de   0x000048de   0x00000002   PAD
    0x000048e0   0x000048e0   0x00000020   Code   RO         1748    i.hal_critical_section_enter  mbed/TARGET_KL25Z/TOOLCHAIN_ARM_STD/mbed.ar(mbed_critical_section_api.o)
    0x00004900   0x00004900   0x0000004c   Code   RO         1749    i.hal_critical_section_exit  mbed/TARGET_KL25Z/TOOLCHAIN_ARM_STD/mbed.ar(mbed_critical_section_api.o)
    0x0000494c   0x0000494c   0x00000058   Code   RO           71    i.i2c_do_write      mbed/TARGET_KL25Z/TOOLCHAIN_ARM_STD/i2c_api.o
    0x000049a4   0x000049a4   0x00000084   Code   RO           72    i.i2c_frequency     mbed/TARGET_KL25Z/TOOLCHAIN_ARM_STD/i2c_api.o
    0x00004a28   0x00004a28   0x00000130   Code   RO           73    i.i2c_init          mbed/TARGET_KL25Z/TOOLCHAIN_ARM_STD/i2c_api.o
    0x00004b58   0x00004b58   0x00000110   Code   RO           74    i.i2c_read          mbed/TARGET_KL25Z/TOOLCHAIN_ARM_STD/i2c_api.o
    0x00004c68   0x00004c68   0x0000002c   Code   RO           82    i.i2c_stop          mbed/TARGET_KL25Z/TOOLCHAIN_ARM_STD/i2c_api.o
    0x00004c94   0x00004c94   0x00000034   Code   RO           83    i.i2c_wait_end_rx_transfer  mbed/TARGET_KL25Z/TOOLCHAIN_ARM_STD/i2c_api.o
    0x00004cc8   0x00004cc8   0x000000c4   Code   RO           84    i.i2c_write         mbed/TARGET_KL25Z/TOOLCHAIN_ARM_STD/i2c_api.o
    0x00004d8c   0x00004d8c   0x00000108   Code   RO         1484    i.initialize        mbed/TARGET_KL25Z/TOOLCHAIN_ARM_STD/mbed.ar(mbed_ticker_api.o)
    0x00004e94   0x00004e94   0x00000068   Code   RO          628    i.lptmr_isr         mbed/TARGET_KL25Z/TOOLCHAIN_ARM_STD/us_ticker.o
    0x00004efc   0x00004efc   0x00000170   Code   RO         1216    i.main              .\build\main.o
    0x0000506c   0x0000506c   0x00000020   Code   RO         1579    i.mbed_assert_internal  mbed/TARGET_KL25Z/TOOLCHAIN_ARM_STD/mbed.ar(mbed_assert.o)
    0x0000508c   0x0000508c   0x000000e0   Code   RO          107    i.mbed_die          mbed/TARGET_KL25Z/TOOLCHAIN_ARM_STD/mbed_board.o
    0x0000516c   0x0000516c   0x000000ac   Code   RO         1629    i.mbed_error        mbed/TARGET_KL25Z/TOOLCHAIN_ARM_STD/mbed.ar(mbed_error.o)
    0x00005218   0x00005218   0x00000050   Code   RO          108    i.mbed_error_printf  mbed/TARGET_KL25Z/TOOLCHAIN_ARM_STD/mbed_board.o
    0x00005268   0x00005268   0x0000001e   Code   RO          109    i.mbed_error_puts   mbed/TARGET_KL25Z/TOOLCHAIN_ARM_STD/mbed_board.o
    0x00005286   0x00005286   0x00000002   PAD
    0x00005288   0x00005288   0x00000110   Code   RO          125    i.mbed_fault_handler  mbed/TARGET_KL25Z/TOOLCHAIN_ARM_STD/mbed_fault_handler.o
    0x00005398   0x00005398   0x00000008   Code   RO         1668    i.mbed_interface_connected  mbed/TARGET_KL25Z/TOOLCHAIN_ARM_STD/mbed.ar(mbed_interface.o)
    0x000053a0   0x000053a0   0x000000b0   Code   RO          193    i.open              mbed/TARGET_KL25Z/TOOLCHAIN_ARM_STD/mbed_retarget.o
    0x00005450   0x00005450   0x00000060   Code   RO          492    i.pin_function      mbed/TARGET_KL25Z/TOOLCHAIN_ARM_STD/pinmap.o
    0x000054b0   0x000054b0   0x0000003c   Code   RO          493    i.pin_mode          mbed/TARGET_KL25Z/TOOLCHAIN_ARM_STD/pinmap.o
    0x000054ec   0x000054ec   0x0000003c   Code   RO         1470    i.pinmap_merge      mbed/TARGET_KL25Z/TOOLCHAIN_ARM_STD/mbed.ar(mbed_pinmap_common.o)
    0x00005528   0x00005528   0x00000060   Code   RO         1471    i.pinmap_peripheral  mbed/TARGET_KL25Z/TOOLCHAIN_ARM_STD/mbed.ar(mbed_pinmap_common.o)
    0x00005588   0x00005588   0x00000060   Code   RO         1472    i.pinmap_pinout     mbed/TARGET_KL25Z/TOOLCHAIN_ARM_STD/mbed.ar(mbed_pinmap_common.o)
    0x000055e8   0x000055e8   0x00000114   Code   RO          127    i.print_context_info  mbed/TARGET_KL25Z/TOOLCHAIN_ARM_STD/mbed_fault_handler.o
    0x000056fc   0x000056fc   0x000001d8   Code   RO         1643    i.print_error_report  mbed/TARGET_KL25Z/TOOLCHAIN_ARM_STD/mbed.ar(mbed_error.o)
    0x000058d4   0x000058d4   0x00000234   Code   RO          518    i.pwmout_init       mbed/TARGET_KL25Z/TOOLCHAIN_ARM_STD/pwmout_api.o
    0x00005b08   0x00005b08   0x0000008c   Code   RO          521    i.pwmout_period_us  mbed/TARGET_KL25Z/TOOLCHAIN_ARM_STD/pwmout_api.o
    0x00005b94   0x00005b94   0x0000003c   Code   RO          526    i.pwmout_write      mbed/TARGET_KL25Z/TOOLCHAIN_ARM_STD/pwmout_api.o
    0x00005bd0   0x00005bd0   0x00000134   Code   RO         1485    i.schedule_interrupt  mbed/TARGET_KL25Z/TOOLCHAIN_ARM_STD/mbed.ar(mbed_ticker_api.o)
    0x00005d04   0x00005d04   0x0000000c   Code   RO         1696    i.semihost_connected  mbed/TARGET_KL25Z/TOOLCHAIN_ARM_STD/mbed.ar(mbed_semihost_api.o)
    0x00005d10   0x00005d10   0x0000000c   Code   RO         1698    i.semihost_exit     mbed/TARGET_KL25Z/TOOLCHAIN_ARM_STD/mbed.ar(mbed_semihost_api.o)
    0x00005d1c   0x00005d1c   0x00000180   Code   RO          543    i.serial_baud       mbed/TARGET_KL25Z/TOOLCHAIN_ARM_STD/serial_api.o
    0x00005e9c   0x00005e9c   0x000000cc   Code   RO          547    i.serial_format     mbed/TARGET_KL25Z/TOOLCHAIN_ARM_STD/serial_api.o
    0x00005f68   0x00005f68   0x0000018c   Code   RO          550    i.serial_init       mbed/TARGET_KL25Z/TOOLCHAIN_ARM_STD/serial_api.o
    0x000060f4   0x000060f4   0x00000024   Code   RO          554    i.serial_putc       mbed/TARGET_KL25Z/TOOLCHAIN_ARM_STD/serial_api.o
    0x00006118   0x00006118   0x00000068   Code   RO         1721    i.sleep_manager_lock_deep_sleep_internal  mbed/TARGET_KL25Z/TOOLCHAIN_ARM_STD/mbed.ar(mbed_sleep_manager.o)
    0x00006180   0x00006180   0x00000058   Code   RO         1723    i.sleep_manager_unlock_deep_sleep_internal  mbed/TARGET_KL25Z/TOOLCHAIN_ARM_STD/mbed.ar(mbed_sleep_manager.o)
    0x000061d8   0x000061d8   0x00000068   Code   RO         1489    i.ticker_irq_handler  mbed/TARGET_KL25Z/TOOLCHAIN_ARM_STD/mbed.ar(mbed_ticker_api.o)
    0x00006240   0x00006240   0x0000001e   Code   RO         1490    i.ticker_read       mbed/TARGET_KL25Z/TOOLCHAIN_ARM_STD/mbed.ar(mbed_ticker_api.o)
    0x0000625e   0x0000625e   0x00000022   Code   RO         1491    i.ticker_read_us    mbed/TARGET_KL25Z/TOOLCHAIN_ARM_STD/mbed.ar(mbed_ticker_api.o)
    0x00006280   0x00006280   0x00000104   Code   RO         1496    i.update_present_time  mbed/TARGET_KL25Z/TOOLCHAIN_ARM_STD/mbed.ar(mbed_ticker_api.o)
    0x00006384   0x00006384   0x00000002   Code   RO          629    i.us_ticker_clear_interrupt  mbed/TARGET_KL25Z/TOOLCHAIN_ARM_STD/us_ticker.o
    0x00006386   0x00006386   0x00000002   PAD
    0x00006388   0x00006388   0x00000010   Code   RO          630    i.us_ticker_disable_interrupt  mbed/TARGET_KL25Z/TOOLCHAIN_ARM_STD/us_ticker.o
    0x00006398   0x00006398   0x0000001c   Code   RO          631    i.us_ticker_fire_interrupt  mbed/TARGET_KL25Z/TOOLCHAIN_ARM_STD/us_ticker.o
    0x000063b4   0x000063b4   0x00000002   Code   RO          632    i.us_ticker_free    mbed/TARGET_KL25Z/TOOLCHAIN_ARM_STD/us_ticker.o
    0x000063b6   0x000063b6   0x00000002   PAD
    0x000063b8   0x000063b8   0x00000008   Code   RO          633    i.us_ticker_get_info  mbed/TARGET_KL25Z/TOOLCHAIN_ARM_STD/us_ticker.o
    0x000063c0   0x000063c0   0x000001d0   Code   RO          634    i.us_ticker_init    mbed/TARGET_KL25Z/TOOLCHAIN_ARM_STD/us_ticker.o
    0x00006590   0x00006590   0x00000018   Code   RO         1520    i.us_ticker_irq_handler  mbed/TARGET_KL25Z/TOOLCHAIN_ARM_STD/mbed.ar(mbed_us_ticker_api.o)
    0x000065a8   0x000065a8   0x0000000c   Code   RO          635    i.us_ticker_read    mbed/TARGET_KL25Z/TOOLCHAIN_ARM_STD/us_ticker.o
    0x000065b4   0x000065b4   0x00000060   Code   RO          636    i.us_ticker_set_interrupt  mbed/TARGET_KL25Z/TOOLCHAIN_ARM_STD/us_ticker.o
    0x00006614   0x00006614   0x0000002c   Code   RO         1738    i.wait              mbed/TARGET_KL25Z/TOOLCHAIN_ARM_STD/mbed.ar(mbed_wait_api_no_rtos.o)
    0x00006640   0x00006640   0x0000001e   Code   RO         1740    i.wait_us           mbed/TARGET_KL25Z/TOOLCHAIN_ARM_STD/mbed.ar(mbed_wait_api_no_rtos.o)
    0x0000665e   0x0000665e   0x00000038   Code   RO          208    i.write             mbed/TARGET_KL25Z/TOOLCHAIN_ARM_STD/mbed_retarget.o
    0x00006696   0x00006696   0x00000002   PAD
    0x00006698   0x00006698   0x0000002c   Code   RO         2415    locale$$code        C:\Keil_v5\ARM\ARMCC\Bin\..\lib\armlib\c_p.l(lc_numeric_c.o)
    0x000066c4   0x000066c4   0x0000002c   Code   RO         2456    locale$$code        C:\Keil_v5\ARM\ARMCC\Bin\..\lib\armlib\c_p.l(lc_ctype_c.o)
    0x000066f0   0x000066f0   0x0000002c   Code   RO         1790    t._ZNK12SingletonPtrI13PlatformMutexEptEv  mbed/TARGET_KL25Z/TOOLCHAIN_ARM_STD/mbed.ar(FileBase.o)
    0x0000671c   0x0000671c   0x000000b0   Code   RO         2053    x$fpl$fmul          C:\Keil_v5\ARM\ARMCC\Bin\..\lib\armlib\fz_ps.l(fmul.o)
    0x000067cc   0x000067cc   0x00000010   Code   RO         2274    x$fpl$printf1       C:\Keil_v5\ARM\ARMCC\Bin\..\lib\armlib\fz_ps.l(printf1.o)
    0x000067dc   0x000067dc   0x00000010   Code   RO         2276    x$fpl$printf2       C:\Keil_v5\ARM\ARMCC\Bin\..\lib\armlib\fz_ps.l(printf2.o)
    0x000067ec   0x000067ec   0x00000000   Code   RO         2282    x$fpl$usenofp       C:\Keil_v5\ARM\ARMCC\Bin\..\lib\armlib\fz_ps.l(usenofp.o)
    0x000067ec   0x000067ec   0x00000080   Data   RO           85    .constdata          mbed/TARGET_KL25Z/TOOLCHAIN_ARM_STD/i2c_api.o
    0x0000686c   0x0000686c   0x00000005   Data   RO          112    .constdata          mbed/TARGET_KL25Z/TOOLCHAIN_ARM_STD/mbed_board.o
    0x00006871   0x00006871   0x00000003   PAD
    0x00006874   0x00006874   0x00000004   Data   RO          129    .constdata          mbed/TARGET_KL25Z/TOOLCHAIN_ARM_STD/mbed_fault_handler.o
    0x00006878   0x00006878   0x00000028   Data   RO          275    .constdata          mbed/TARGET_KL25Z/TOOLCHAIN_ARM_STD/mbed_retarget.o
    0x000068a0   0x000068a0   0x0000006c   Data   RO          479    .constdata          mbed/TARGET_KL25Z/TOOLCHAIN_ARM_STD/PeripheralPins.o
    0x0000690c   0x0000690c   0x00000060   Data   RO          480    .constdata          mbed/TARGET_KL25Z/TOOLCHAIN_ARM_STD/PeripheralPins.o
    0x0000696c   0x0000696c   0x0000006c   Data   RO          481    .constdata          mbed/TARGET_KL25Z/TOOLCHAIN_ARM_STD/PeripheralPins.o
    0x000069d8   0x000069d8   0x0000006c   Data   RO          482    .constdata          mbed/TARGET_KL25Z/TOOLCHAIN_ARM_STD/PeripheralPins.o
    0x00006a44   0x00006a44   0x000001bc   Data   RO          487    .constdata          mbed/TARGET_KL25Z/TOOLCHAIN_ARM_STD/PeripheralPins.o
    0x00006c00   0x00006c00   0x00000008   Data   RO          637    .constdata          mbed/TARGET_KL25Z/TOOLCHAIN_ARM_STD/us_ticker.o
    0x00006c08   0x00006c08   0x00000020   Data   RO         1522    .constdata          mbed/TARGET_KL25Z/TOOLCHAIN_ARM_STD/mbed.ar(mbed_us_ticker_api.o)
    0x00006c28   0x00006c28   0x00000008   Data   RO         1523    .constdata          mbed/TARGET_KL25Z/TOOLCHAIN_ARM_STD/mbed.ar(mbed_us_ticker_api.o)
    0x00006c30   0x00006c30   0x00000080   Data   RO         2036    .constdata          C:\Keil_v5\ARM\ARMCC\Bin\..\lib\armlib\fz_ps.l(ddiv.o)
    0x00006cb0   0x00006cb0   0x00000040   Data   RO         2043    .constdata          C:\Keil_v5\ARM\ARMCC\Bin\..\lib\armlib\fz_ps.l(fdiv.o)
    0x00006cf0   0x00006cf0   0x00000008   Data   RO         2115    .constdata          C:\Keil_v5\ARM\ARMCC\Bin\..\lib\armlib\c_p.l(_printf_wctomb.o)
    0x00006cf8   0x00006cf8   0x00000028   Data   RO         2144    .constdata          C:\Keil_v5\ARM\ARMCC\Bin\..\lib\armlib\c_p.l(_printf_hex_int_ll_ptr.o)
    0x00006d20   0x00006d20   0x00000011   Data   RO         2164    .constdata          C:\Keil_v5\ARM\ARMCC\Bin\..\lib\armlib\c_p.l(__printf_flags_ss_wp.o)
    0x00006d31   0x00006d31   0x00000026   Data   RO         2319    .constdata          C:\Keil_v5\ARM\ARMCC\Bin\..\lib\armlib\c_p.l(_printf_fp_hex.o)
    0x00006d57   0x00006d57   0x00000001   PAD
    0x00006d58   0x00006d58   0x00000094   Data   RO         2407    .constdata          C:\Keil_v5\ARM\ARMCC\Bin\..\lib\armlib\c_p.l(bigflt0.o)
    0x00006dec   0x00006dec   0x00000050   Data   RO          378    .constdata__ZTV12DirectSerial  mbed/TARGET_KL25Z/TOOLCHAIN_ARM_STD/mbed_retarget.o
    0x00006e3c   0x00006e3c   0x00000018   Data   RO         1400    .constdata__ZTVN4mbed3I2CE  mbed/TARGET_KL25Z/TOOLCHAIN_ARM_STD/mbed.ar(I2C.o)
    0x00006e54   0x00006e54   0x00000014   Data   RO          381    .constdata__ZZNK12SingletonPtrI13PlatformMutexE3getEvEs  mbed/TARGET_KL25Z/TOOLCHAIN_ARM_STD/mbed_retarget.o
    0x00006e68   0x00006e68   0x00000053   Data   RO          382    .constdata__ZZNK12SingletonPtrI13PlatformMutexE3getEvEs_0  mbed/TARGET_KL25Z/TOOLCHAIN_ARM_STD/mbed_retarget.o
    0x00006ebb   0x00006ebb   0x00000001   PAD
    0x00006ebc   0x00006ebc   0x00000060   Data   RO           37    .conststring        mbed/TARGET_KL25Z/TOOLCHAIN_ARM_STD/gpio_api.o
    0x00006f1c   0x00006f1c   0x0000005f   Data   RO           86    .conststring        mbed/TARGET_KL25Z/TOOLCHAIN_ARM_STD/i2c_api.o
    0x00006f7b   0x00006f7b   0x00000001   PAD
    0x00006f7c   0x00006f7c   0x00000049   Data   RO          130    .conststring        mbed/TARGET_KL25Z/TOOLCHAIN_ARM_STD/mbed_fault_handler.o
    0x00006fc5   0x00006fc5   0x00000003   PAD
    0x00006fc8   0x00006fc8   0x0000004b   Data   RO          276    .conststring        mbed/TARGET_KL25Z/TOOLCHAIN_ARM_STD/mbed_retarget.o
    0x00007013   0x00007013   0x00000001   PAD
    0x00007014   0x00007014   0x0000005e   Data   RO          494    .conststring        mbed/TARGET_KL25Z/TOOLCHAIN_ARM_STD/pinmap.o
    0x00007072   0x00007072   0x00000002   PAD
    0x00007074   0x00007074   0x00000062   Data   RO          527    .conststring        mbed/TARGET_KL25Z/TOOLCHAIN_ARM_STD/pwmout_api.o
    0x000070d6   0x000070d6   0x00000002   PAD
    0x000070d8   0x000070d8   0x000000bb   Data   RO          561    .conststring        mbed/TARGET_KL25Z/TOOLCHAIN_ARM_STD/serial_api.o
    0x00007193   0x00007193   0x00000001   PAD
    0x00007194   0x00007194   0x00000046   Data   RO         1497    .conststring        mbed/TARGET_KL25Z/TOOLCHAIN_ARM_STD/mbed.ar(mbed_ticker_api.o)
    0x000071da   0x000071da   0x00000002   PAD
    0x000071dc   0x000071dc   0x00000046   Data   RO         1569    .conststring        mbed/TARGET_KL25Z/TOOLCHAIN_ARM_STD/mbed.ar(FilePath.o)
    0x00007222   0x00007222   0x00000002   PAD
    0x00007224   0x00007224   0x00000049   Data   RO         1602    .conststring        mbed/TARGET_KL25Z/TOOLCHAIN_ARM_STD/mbed.ar(mbed_critical.o)
    0x0000726d   0x0000726d   0x00000003   PAD
    0x00007270   0x00007270   0x000000a0   Data   RO         1645    .conststring        mbed/TARGET_KL25Z/TOOLCHAIN_ARM_STD/mbed.ar(mbed_error.o)
    0x00007310   0x00007310   0x00000050   Data   RO         1751    .conststring        mbed/TARGET_KL25Z/TOOLCHAIN_ARM_STD/mbed.ar(mbed_critical_section_api.o)
    0x00007360   0x00007360   0x00000020   Data   RO         2476    Region$$Table       anon$$obj.o
    0x00007380   0x00007380   0x0000001c   Data   RO         2414    locale$$data        C:\Keil_v5\ARM\ARMCC\Bin\..\lib\armlib\c_p.l(lc_numeric_c.o)
    0x0000739c   0x0000739c   0x00000110   Data   RO         2455    locale$$data        C:\Keil_v5\ARM\ARMCC\Bin\..\lib\armlib\c_p.l(lc_ctype_c.o)
    0x000074ac   0x000074ac   0x00000004   Data   RO         1221    .init_array         .\build\main.o
    0x000074b0   0x000074ac   0x00000000   Data   RO         1917    .init_array         C:\Keil_v5\ARM\ARMCC\Bin\..\lib\armlib\c_p.l(init_aeabi.o)


    Execution Region RW_IRAM1 (Exec base: 0x1ffff0c0, Load base: 0x000074b0, Size: 0x000004f8, Max: 0x00003f40, ABSOLUTE)

    Exec Addr    Load Addr    Size         Type   Attr      Idx    E Section Name        Object

    0x1ffff0c0   0x000074b0   0x00000048   Data   RW          279    .data               mbed/TARGET_KL25Z/TOOLCHAIN_ARM_STD/mbed_retarget.o
    0x1ffff108   0x000074f8   0x00000004   Data   RW          528    .data               mbed/TARGET_KL25Z/TOOLCHAIN_ARM_STD/pwmout_api.o
    0x1ffff10c   0x000074fc   0x00000010   Data   RW          562    .data               mbed/TARGET_KL25Z/TOOLCHAIN_ARM_STD/serial_api.o
    0x1ffff11c   0x0000750c   0x00000004   Data   RW          621    .data               mbed/TARGET_KL25Z/TOOLCHAIN_ARM_STD/system_MKL25Z4.o
    0x1ffff120   0x00007510   0x00000008   Data   RW          638    .data               mbed/TARGET_KL25Z/TOOLCHAIN_ARM_STD/us_ticker.o
    0x1ffff128   0x00007518   0x00000040   Data   RW         1158    .data               .\build\tsisensor.o
    0x1ffff168   0x00007558   0x00000004   Data   RW         1220    .data               .\build\main.o
    0x1ffff16c   0x0000755c   0x00000004   Data   RW         1376    .data               mbed/TARGET_KL25Z/TOOLCHAIN_ARM_STD/mbed.ar(I2C.o)
    0x1ffff170   0x00007560   0x00000004   Data   RW         1524    .data               mbed/TARGET_KL25Z/TOOLCHAIN_ARM_STD/mbed.ar(mbed_us_ticker_api.o)
    0x1ffff174   0x00007564   0x00000004   Data   RW         1603    .data               mbed/TARGET_KL25Z/TOOLCHAIN_ARM_STD/mbed.ar(mbed_critical.o)
    0x1ffff178   0x00007568   0x0000000c   Data   RW         1646    .data               mbed/TARGET_KL25Z/TOOLCHAIN_ARM_STD/mbed.ar(mbed_error.o)
    0x1ffff184   0x00007574   0x00000004   Data   RW         1703    .data               mbed/TARGET_KL25Z/TOOLCHAIN_ARM_STD/mbed.ar(mbed_semihost_api.o)
    0x1ffff188   0x00007578   0x00000018   Data   RW         1724    .data               mbed/TARGET_KL25Z/TOOLCHAIN_ARM_STD/mbed.ar(mbed_sleep_manager.o)
    0x1ffff1a0   0x00007590   0x00000002   Data   RW         1752    .data               mbed/TARGET_KL25Z/TOOLCHAIN_ARM_STD/mbed.ar(mbed_critical_section_api.o)
    0x1ffff1a2   0x00007592   0x00000002   PAD
    0x1ffff1a4   0x00007594   0x00000008   Data   RW         1777    .data               mbed/TARGET_KL25Z/TOOLCHAIN_ARM_STD/mbed.ar(FileBase.o)
    0x1ffff1ac   0x0000759c   0x00000004   Data   RW         1889    .data               C:\Keil_v5\ARM\ARMCC\Bin\..\lib\armlib\c_p.l(stdio_streams.o)
    0x1ffff1b0   0x000075a0   0x00000004   Data   RW         1890    .data               C:\Keil_v5\ARM\ARMCC\Bin\..\lib\armlib\c_p.l(stdio_streams.o)
    0x1ffff1b4   0x000075a4   0x00000004   Data   RW         1891    .data               C:\Keil_v5\ARM\ARMCC\Bin\..\lib\armlib\c_p.l(stdio_streams.o)
    0x1ffff1b8   0x000075a8   0x00000004   Data   RW         2349    .data               C:\Keil_v5\ARM\ARMCC\Bin\..\lib\armlib\c_p.l(heapauxa.o)
    0x1ffff1bc        -       0x00000054   Zero   RW          128    .bss                mbed/TARGET_KL25Z/TOOLCHAIN_ARM_STD/mbed_fault_handler.o
    0x1ffff210        -       0x00000148   Zero   RW          274    .bss                mbed/TARGET_KL25Z/TOOLCHAIN_ARM_STD/mbed_retarget.o
    0x1ffff358        -       0x00000060   Zero   RW         1157    .bss                .\build\tsisensor.o
    0x1ffff3b8        -       0x00000020   Zero   RW         1219    .bss                .\build\main.o
    0x1ffff3d8        -       0x00000010   Zero   RW         1375    .bss                mbed/TARGET_KL25Z/TOOLCHAIN_ARM_STD/mbed.ar(I2C.o)
    0x1ffff3e8        -       0x00000040   Zero   RW         1521    .bss                mbed/TARGET_KL25Z/TOOLCHAIN_ARM_STD/mbed.ar(mbed_us_ticker_api.o)
    0x1ffff428        -       0x00000068   Zero   RW         1644    .bss                mbed/TARGET_KL25Z/TOOLCHAIN_ARM_STD/mbed.ar(mbed_error.o)
    0x1ffff490        -       0x00000010   Zero   RW         1776    .bss                mbed/TARGET_KL25Z/TOOLCHAIN_ARM_STD/mbed.ar(FileBase.o)
    0x1ffff4a0        -       0x00000004   Zero   RW         1800    .bss                C:\Keil_v5\ARM\ARMCC\Bin\..\lib\armlib\c_p.l(rt_errno_addr.o)
    0x1ffff4a4        -       0x00000054   Zero   RW         1886    .bss                C:\Keil_v5\ARM\ARMCC\Bin\..\lib\armlib\c_p.l(stdio_streams.o)
    0x1ffff4f8        -       0x00000054   Zero   RW         1887    .bss                C:\Keil_v5\ARM\ARMCC\Bin\..\lib\armlib\c_p.l(stdio_streams.o)
    0x1ffff54c        -       0x00000054   Zero   RW         1888    .bss                C:\Keil_v5\ARM\ARMCC\Bin\..\lib\armlib\c_p.l(stdio_streams.o)
    0x1ffff5a0        -       0x00000004   Zero   RW         2072    .bss                C:\Keil_v5\ARM\ARMCC\Bin\..\lib\armlib\c_p.l(rt_heap_descriptor.o)
    0x1ffff5a4        -       0x00000014   Zero   RW         2393    .bss                C:\Keil_v5\ARM\ARMCC\Bin\..\lib\armlib\c_p.l(rt_locale.o)


==============================================================================

Image component sizes


      Code (inc. data)   RO Data    RW Data    ZI Data      Debug   Object Name

         0          0        864          0          0          0   mbed/TARGET_KL25Z/TOOLCHAIN_ARM_STD/PeripheralPins.o
       208         30          0          0          0        132   mbed/TARGET_KL25Z/TOOLCHAIN_ARM_STD/except.o
       154         34         96          0          0        208   mbed/TARGET_KL25Z/TOOLCHAIN_ARM_STD/gpio_api.o
      1088         82        223          0          0        556   mbed/TARGET_KL25Z/TOOLCHAIN_ARM_STD/i2c_api.o
       490         40          4          4         32       6555   .\build\main.o
       356         96          5          0          0        288   mbed/TARGET_KL25Z/TOOLCHAIN_ARM_STD/mbed_board.o
       548        314         77          0         84        144   mbed/TARGET_KL25Z/TOOLCHAIN_ARM_STD/mbed_fault_handler.o
        16          0          0          0          0         72   mbed/TARGET_KL25Z/TOOLCHAIN_ARM_STD/mbed_overrides.o
      1444        238        298         72        328       1520   mbed/TARGET_KL25Z/TOOLCHAIN_ARM_STD/mbed_retarget.o
        44          8          0          0          0        140   mbed/TARGET_KL25Z/TOOLCHAIN_ARM_STD/mbed_sdk_boot.o
       322         30          0          0          0     109112   .\build\mma8451q.o
       156         60         94          0          0        140   mbed/TARGET_KL25Z/TOOLCHAIN_ARM_STD/pinmap.o
       764         94         98          4          0        232   mbed/TARGET_KL25Z/TOOLCHAIN_ARM_STD/pwmout_api.o
      1020        168        187         16          0        308   mbed/TARGET_KL25Z/TOOLCHAIN_ARM_STD/serial_api.o
        44         24        192          0          0        164   mbed/TARGET_KL25Z/TOOLCHAIN_ARM_STD/startup_MKL25Z4.o
       152         32          0          4          0         60   mbed/TARGET_KL25Z/TOOLCHAIN_ARM_STD/system_MKL25Z4.o
       884        122          0         64         96      16228   .\build\tsisensor.o
       732        122          8          8          0        592   mbed/TARGET_KL25Z/TOOLCHAIN_ARM_STD/us_ticker.o

    ----------------------------------------------------------------------
      8440       1494       2192        172        540     136451   Object Totals
         0          0         32          0          0          0   (incl. Generated)
        18          0         14          0          0          0   (incl. Padding)

    ----------------------------------------------------------------------

      Code (inc. data)   RO Data    RW Data    ZI Data      Debug   Library Member Name

         8          0          0          0          0         68   C:\Keil_v5\ARM\ARMCC\Bin\..\lib\armlib\c_p.l(__main.o)
       392          6         17          0          0         76   C:\Keil_v5\ARM\ARMCC\Bin\..\lib\armlib\c_p.l(__printf_flags_ss_wp.o)
        14          0          0          0          0         60   C:\Keil_v5\ARM\ARMCC\Bin\..\lib\armlib\c_p.l(__printf_wp.o)
         0          0          0          0          0          0   C:\Keil_v5\ARM\ARMCC\Bin\..\lib\armlib\c_p.l(__rtentry.o)
        20          0          0          0          0          0   C:\Keil_v5\ARM\ARMCC\Bin\..\lib\armlib\c_p.l(__rtentry2.o)
         6          0          0          0          0          0   C:\Keil_v5\ARM\ARMCC\Bin\..\lib\armlib\c_p.l(__rtentry4.o)
        60          8          0          0          0          0   C:\Keil_v5\ARM\ARMCC\Bin\..\lib\armlib\c_p.l(__scatter.o)
        26          0          0          0          0          0   C:\Keil_v5\ARM\ARMCC\Bin\..\lib\armlib\c_p.l(__scatter_copy.o)
        28          0          0          0          0          0   C:\Keil_v5\ARM\ARMCC\Bin\..\lib\armlib\c_p.l(__scatter_zi.o)
        10          0          0          0          0          0   C:\Keil_v5\ARM\ARMCC\Bin\..\lib\armlib\c_p.l(_printf_a.o)
        10          0          0          0          0          0   C:\Keil_v5\ARM\ARMCC\Bin\..\lib\armlib\c_p.l(_printf_c.o)
        46          0          0          0          0        100   C:\Keil_v5\ARM\ARMCC\Bin\..\lib\armlib\c_p.l(_printf_char.o)
        48          6          0          0          0         88   C:\Keil_v5\ARM\ARMCC\Bin\..\lib\armlib\c_p.l(_printf_char_common.o)
        38          0          0          0          0         60   C:\Keil_v5\ARM\ARMCC\Bin\..\lib\armlib\c_p.l(_printf_charcount.o)
        10          0          0          0          0          0   C:\Keil_v5\ARM\ARMCC\Bin\..\lib\armlib\c_p.l(_printf_d.o)
       108         18          0          0          0         76   C:\Keil_v5\ARM\ARMCC\Bin\..\lib\armlib\c_p.l(_printf_dec.o)
        10          0          0          0          0          0   C:\Keil_v5\ARM\ARMCC\Bin\..\lib\armlib\c_p.l(_printf_e.o)
        10          0          0          0          0          0   C:\Keil_v5\ARM\ARMCC\Bin\..\lib\armlib\c_p.l(_printf_f.o)
      1048         14          0          0          0        176   C:\Keil_v5\ARM\ARMCC\Bin\..\lib\armlib\c_p.l(_printf_fp_dec.o)
       728         10         38          0          0         84   C:\Keil_v5\ARM\ARMCC\Bin\..\lib\armlib\c_p.l(_printf_fp_hex.o)
       136         16          0          0          0         76   C:\Keil_v5\ARM\ARMCC\Bin\..\lib\armlib\c_p.l(_printf_fp_infnan.o)
        10          0          0          0          0          0   C:\Keil_v5\ARM\ARMCC\Bin\..\lib\armlib\c_p.l(_printf_g.o)
       152          4         40          0          0        148   C:\Keil_v5\ARM\ARMCC\Bin\..\lib\armlib\c_p.l(_printf_hex_int_ll_ptr.o)
        10          0          0          0          0          0   C:\Keil_v5\ARM\ARMCC\Bin\..\lib\armlib\c_p.l(_printf_i.o)
       176          0          0          0          0         84   C:\Keil_v5\ARM\ARMCC\Bin\..\lib\armlib\c_p.l(_printf_intcommon.o)
        10          0          0          0          0          0   C:\Keil_v5\ARM\ARMCC\Bin\..\lib\armlib\c_p.l(_printf_l.o)
        10          0          0          0          0          0   C:\Keil_v5\ARM\ARMCC\Bin\..\lib\armlib\c_p.l(_printf_lc.o)
        10          0          0          0          0          0   C:\Keil_v5\ARM\ARMCC\Bin\..\lib\armlib\c_p.l(_printf_ll.o)
        10          0          0          0          0          0   C:\Keil_v5\ARM\ARMCC\Bin\..\lib\armlib\c_p.l(_printf_lld.o)
        10          0          0          0          0          0   C:\Keil_v5\ARM\ARMCC\Bin\..\lib\armlib\c_p.l(_printf_lli.o)
        10          0          0          0          0          0   C:\Keil_v5\ARM\ARMCC\Bin\..\lib\armlib\c_p.l(_printf_llo.o)
        10          0          0          0          0          0   C:\Keil_v5\ARM\ARMCC\Bin\..\lib\armlib\c_p.l(_printf_llu.o)
        10          0          0          0          0          0   C:\Keil_v5\ARM\ARMCC\Bin\..\lib\armlib\c_p.l(_printf_llx.o)
       112         18          0          0          0         76   C:\Keil_v5\ARM\ARMCC\Bin\..\lib\armlib\c_p.l(_printf_longlong_dec.o)
        10          0          0          0          0          0   C:\Keil_v5\ARM\ARMCC\Bin\..\lib\armlib\c_p.l(_printf_ls.o)
        10          0          0          0          0          0   C:\Keil_v5\ARM\ARMCC\Bin\..\lib\armlib\c_p.l(_printf_n.o)
        10          0          0          0          0          0   C:\Keil_v5\ARM\ARMCC\Bin\..\lib\armlib\c_p.l(_printf_o.o)
       112         10          0          0          0        112   C:\Keil_v5\ARM\ARMCC\Bin\..\lib\armlib\c_p.l(_printf_oct_int_ll.o)
        10          0          0          0          0          0   C:\Keil_v5\ARM\ARMCC\Bin\..\lib\armlib\c_p.l(_printf_p.o)
        78          0          0          0          0        100   C:\Keil_v5\ARM\ARMCC\Bin\..\lib\armlib\c_p.l(_printf_pad.o)
         2          0          0          0          0          0   C:\Keil_v5\ARM\ARMCC\Bin\..\lib\armlib\c_p.l(_printf_percent.o)
         4          0          0          0          0          0   C:\Keil_v5\ARM\ARMCC\Bin\..\lib\armlib\c_p.l(_printf_percent_end.o)
        10          0          0          0          0          0   C:\Keil_v5\ARM\ARMCC\Bin\..\lib\armlib\c_p.l(_printf_s.o)
        82          0          0          0          0         72   C:\Keil_v5\ARM\ARMCC\Bin\..\lib\armlib\c_p.l(_printf_str.o)
        36          0          0          0          0         76   C:\Keil_v5\ARM\ARMCC\Bin\..\lib\armlib\c_p.l(_printf_truncate.o)
        10          0          0          0          0          0   C:\Keil_v5\ARM\ARMCC\Bin\..\lib\armlib\c_p.l(_printf_u.o)
        46          0          0          0          0        100   C:\Keil_v5\ARM\ARMCC\Bin\..\lib\armlib\c_p.l(_printf_wchar.o)
       188          6          8          0          0         80   C:\Keil_v5\ARM\ARMCC\Bin\..\lib\armlib\c_p.l(_printf_wctomb.o)
        10          0          0          0          0          0   C:\Keil_v5\ARM\ARMCC\Bin\..\lib\armlib\c_p.l(_printf_x.o)
        16          0          0          0          0         60   C:\Keil_v5\ARM\ARMCC\Bin\..\lib\armlib\c_p.l(_snputc.o)
        10          0          0          0          0         60   C:\Keil_v5\ARM\ARMCC\Bin\..\lib\armlib\c_p.l(_sputc.o)
        64          0          0          0          0         72   C:\Keil_v5\ARM\ARMCC\Bin\..\lib\armlib\c_p.l(_wcrtomb.o)
       488          0          0          0          0         92   C:\Keil_v5\ARM\ARMCC\Bin\..\lib\armlib\c_p.l(aeabi_sdivfast.o)
       216          6        148          0          0         80   C:\Keil_v5\ARM\ARMCC\Bin\..\lib\armlib\c_p.l(bigflt0.o)
      1456         30          0          0          0        336   C:\Keil_v5\ARM\ARMCC\Bin\..\lib\armlib\c_p.l(btod.o)
        12          0          0          0          0         68   C:\Keil_v5\ARM\ARMCC\Bin\..\lib\armlib\c_p.l(defsig_exit.o)
        52          0          0          0          0         72   C:\Keil_v5\ARM\ARMCC\Bin\..\lib\armlib\c_p.l(defsig_general.o)
        80         58          0          0          0         68   C:\Keil_v5\ARM\ARMCC\Bin\..\lib\armlib\c_p.l(defsig_rtmem_inner.o)
        12          0          0          0          0         68   C:\Keil_v5\ARM\ARMCC\Bin\..\lib\armlib\c_p.l(defsig_rtmem_outer.o)
        52         38          0          0          0         68   C:\Keil_v5\ARM\ARMCC\Bin\..\lib\armlib\c_p.l(defsig_rtred_inner.o)
        12          0          0          0          0         68   C:\Keil_v5\ARM\ARMCC\Bin\..\lib\armlib\c_p.l(defsig_rtred_outer.o)
        76          4          0          0          0         76   C:\Keil_v5\ARM\ARMCC\Bin\..\lib\armlib\c_p.l(fclose.o)
       104          4          0          0          0        100   C:\Keil_v5\ARM\ARMCC\Bin\..\lib\armlib\c_p.l(fflush.o)
       232          8          0          0          0        108   C:\Keil_v5\ARM\ARMCC\Bin\..\lib\armlib\c_p.l(fopen.o)
       244          4          0          0          0         76   C:\Keil_v5\ARM\ARMCC\Bin\..\lib\armlib\c_p.l(fseek.o)
        66          0          0          0          0         68   C:\Keil_v5\ARM\ARMCC\Bin\..\lib\armlib\c_p.l(ftell.o)
        98          0          0          0          0         72   C:\Keil_v5\ARM\ARMCC\Bin\..\lib\armlib\c_p.l(h1_alloc.o)
        52          0          0          0          0         68   C:\Keil_v5\ARM\ARMCC\Bin\..\lib\armlib\c_p.l(h1_extend.o)
        76          0          0          0          0         72   C:\Keil_v5\ARM\ARMCC\Bin\..\lib\armlib\c_p.l(h1_free.o)
        14          0          0          0          0         76   C:\Keil_v5\ARM\ARMCC\Bin\..\lib\armlib\c_p.l(h1_init.o)
        80          4          0          4          0         88   C:\Keil_v5\ARM\ARMCC\Bin\..\lib\armlib\c_p.l(heapauxa.o)
         4          0          0          0          0        120   C:\Keil_v5\ARM\ARMCC\Bin\..\lib\armlib\c_p.l(hguard.o)
         0          0          0          0          0          0   C:\Keil_v5\ARM\ARMCC\Bin\..\lib\armlib\c_p.l(indicate_semi.o)
        36         10          0          0          0         72   C:\Keil_v5\ARM\ARMCC\Bin\..\lib\armlib\c_p.l(init_aeabi.o)
       136          0          0          0          0        160   C:\Keil_v5\ARM\ARMCC\Bin\..\lib\armlib\c_p.l(init_alloc.o)
       316         44          0          0          0         96   C:\Keil_v5\ARM\ARMCC\Bin\..\lib\armlib\c_p.l(initio.o)
        44         10        272          0          0         76   C:\Keil_v5\ARM\ARMCC\Bin\..\lib\armlib\c_p.l(lc_ctype_c.o)
        44         10         28          0          0         76   C:\Keil_v5\ARM\ARMCC\Bin\..\lib\armlib\c_p.l(lc_numeric_c.o)
         2          0          0          0          0          0   C:\Keil_v5\ARM\ARMCC\Bin\..\lib\armlib\c_p.l(libinit.o)
        46          0          0          0          0          0   C:\Keil_v5\ARM\ARMCC\Bin\..\lib\armlib\c_p.l(libinit2.o)
         0          0          0          0          0          0   C:\Keil_v5\ARM\ARMCC\Bin\..\lib\armlib\c_p.l(libshutdown2.o)
        48          0          0          0          0         72   C:\Keil_v5\ARM\ARMCC\Bin\..\lib\armlib\c_p.l(llmul.o)
        32          0          0          0          0         68   C:\Keil_v5\ARM\ARMCC\Bin\..\lib\armlib\c_p.l(llshl.o)
       258          0          0          0          0         88   C:\Keil_v5\ARM\ARMCC\Bin\..\lib\armlib\c_p.l(lludiv.o)
       122          0          0          0          0         72   C:\Keil_v5\ARM\ARMCC\Bin\..\lib\armlib\c_p.l(lludiv10.o)
        34          0          0          0          0         68   C:\Keil_v5\ARM\ARMCC\Bin\..\lib\armlib\c_p.l(llushr.o)
         0          0          0          0          0          0   C:\Keil_v5\ARM\ARMCC\Bin\..\lib\armlib\c_p.l(maybetermalloc1.o)
        90          0          0          0          0         68   C:\Keil_v5\ARM\ARMCC\Bin\..\lib\armlib\c_p.l(memcmp.o)
        16          4          0          0          0         76   C:\Keil_v5\ARM\ARMCC\Bin\..\lib\armlib\c_p.l(rt_ctype_table.o)
         8          4          0          0          4         68   C:\Keil_v5\ARM\ARMCC\Bin\..\lib\armlib\c_p.l(rt_errno_addr.o)
         8          4          0          0          4         68   C:\Keil_v5\ARM\ARMCC\Bin\..\lib\armlib\c_p.l(rt_heap_descriptor.o)
         8          4          0          0         20         68   C:\Keil_v5\ARM\ARMCC\Bin\..\lib\armlib\c_p.l(rt_locale.o)
        64          0          0          0          0        108   C:\Keil_v5\ARM\ARMCC\Bin\..\lib\armlib\c_p.l(rt_memclr.o)
        56          0          0          0          0         68   C:\Keil_v5\ARM\ARMCC\Bin\..\lib\armlib\c_p.l(rt_memcpy.o)
        40          0          0          0          0         60   C:\Keil_v5\ARM\ARMCC\Bin\..\lib\armlib\c_p.l(rtudiv10.o)
        76          4          0          0          0         72   C:\Keil_v5\ARM\ARMCC\Bin\..\lib\armlib\c_p.l(setvbuf.o)
       240          8          0          0          0        144   C:\Keil_v5\ARM\ARMCC\Bin\..\lib\armlib\c_p.l(stdio.o)
         0          0          0         12        252          0   C:\Keil_v5\ARM\ARMCC\Bin\..\lib\armlib\c_p.l(stdio_streams.o)
       160          4          0          0          0         80   C:\Keil_v5\ARM\ARMCC\Bin\..\lib\armlib\c_p.l(strcmpv6m.o)
        68          6          0          0          0         72   C:\Keil_v5\ARM\ARMCC\Bin\..\lib\armlib\c_p.l(strlen.o)
        32          0          0          0          0         72   C:\Keil_v5\ARM\ARMCC\Bin\..\lib\armlib\c_p.l(strspn.o)
        12          4          0          0          0         60   C:\Keil_v5\ARM\ARMCC\Bin\..\lib\armlib\c_p.l(sys_exit.o)
        12          0          0          0          0         68   C:\Keil_v5\ARM\ARMCC\Bin\..\lib\armlib\c_p.l(sys_wrch.o)
         2          0          0          0          0         68   C:\Keil_v5\ARM\ARMCC\Bin\..\lib\armlib\c_p.l(use_no_semi.o)
        56          6          0          0          0         72   C:\Keil_v5\ARM\ARMCC\Bin\..\lib\armlib\c_p.l(vsnprintf.o)
       124          4          0          0          0         72   C:\Keil_v5\ARM\ARMCC\Bin\..\lib\armlib\fz_ps.l(d2f.o)
       856         20          0          0          0        208   C:\Keil_v5\ARM\ARMCC\Bin\..\lib\armlib\fz_ps.l(daddsub.o)
      1096         26        128          0          0        112   C:\Keil_v5\ARM\ARMCC\Bin\..\lib\armlib\fz_ps.l(ddiv.o)
       584         26          0          0          0         84   C:\Keil_v5\ARM\ARMCC\Bin\..\lib\armlib\fz_ps.l(dmul.o)
        84          4          0          0          0         60   C:\Keil_v5\ARM\ARMCC\Bin\..\lib\armlib\fz_ps.l(f2d.o)
       352         10         64          0          0         92   C:\Keil_v5\ARM\ARMCC\Bin\..\lib\armlib\fz_ps.l(fdiv.o)
        76          0          0          0          0         68   C:\Keil_v5\ARM\ARMCC\Bin\..\lib\armlib\fz_ps.l(ffixi.o)
        48          0          0          0          0         60   C:\Keil_v5\ARM\ARMCC\Bin\..\lib\armlib\fz_ps.l(ffixui.o)
        94          0          0          0          0         92   C:\Keil_v5\ARM\ARMCC\Bin\..\lib\armlib\fz_ps.l(fflti.o)
       130          0          0          0          0        100   C:\Keil_v5\ARM\ARMCC\Bin\..\lib\armlib\fz_ps.l(ffltl.o)
       176          4          0          0          0         80   C:\Keil_v5\ARM\ARMCC\Bin\..\lib\armlib\fz_ps.l(fmul.o)
        68          4          0          0          0         68   C:\Keil_v5\ARM\ARMCC\Bin\..\lib\armlib\fz_ps.l(fscalbn.o)
        16          4          0          0          0         76   C:\Keil_v5\ARM\ARMCC\Bin\..\lib\armlib\fz_ps.l(printf1.o)
        16          4          0          0          0         76   C:\Keil_v5\ARM\ARMCC\Bin\..\lib\armlib\fz_ps.l(printf2.o)
         0          0          0          0          0          0   C:\Keil_v5\ARM\ARMCC\Bin\..\lib\armlib\fz_ps.l(usenofp.o)
        44          4          0          0          0         60   C:\Keil_v5\ARM\ARMCC\Bin\..\lib\armlib\m_ps.l(fpclassify.o)
       200         40          0          8         16        144   mbed/TARGET_KL25Z/TOOLCHAIN_ARM_STD/mbed.ar(FileBase.o)
       194         20         70          0          0        336   mbed/TARGET_KL25Z/TOOLCHAIN_ARM_STD/mbed.ar(FilePath.o)
       928        150         24          4         16        480   mbed/TARGET_KL25Z/TOOLCHAIN_ARM_STD/mbed.ar(I2C.o)
       320          6          0          0          0        416   mbed/TARGET_KL25Z/TOOLCHAIN_ARM_STD/mbed.ar(Timer.o)
        32          6          0          0          0         68   mbed/TARGET_KL25Z/TOOLCHAIN_ARM_STD/mbed.ar(mbed_assert.o)
       312         84         73          4          0        472   mbed/TARGET_KL25Z/TOOLCHAIN_ARM_STD/mbed.ar(mbed_critical.o)
       108         40         80          2          0        128   mbed/TARGET_KL25Z/TOOLCHAIN_ARM_STD/mbed.ar(mbed_critical_section_api.o)
       644        282        160         12        104        156   mbed/TARGET_KL25Z/TOOLCHAIN_ARM_STD/mbed.ar(mbed_error.o)
       370         94          0          0          0        296   mbed/TARGET_KL25Z/TOOLCHAIN_ARM_STD/mbed.ar(mbed_gpio.o)
         8          0          0          0          0         68   mbed/TARGET_KL25Z/TOOLCHAIN_ARM_STD/mbed.ar(mbed_interface.o)
       252         86          0          0          0        208   mbed/TARGET_KL25Z/TOOLCHAIN_ARM_STD/mbed.ar(mbed_pinmap_common.o)
        24          6          0          4          0        128   mbed/TARGET_KL25Z/TOOLCHAIN_ARM_STD/mbed.ar(mbed_semihost_api.o)
       192         94          0         24          0        144   mbed/TARGET_KL25Z/TOOLCHAIN_ARM_STD/mbed.ar(mbed_sleep_manager.o)
      1000         68         70          0          0        448   mbed/TARGET_KL25Z/TOOLCHAIN_ARM_STD/mbed.ar(mbed_ticker_api.o)
        32         14         40          4         64        120   mbed/TARGET_KL25Z/TOOLCHAIN_ARM_STD/mbed.ar(mbed_us_ticker_api.o)
        74          4          0          0          0        144   mbed/TARGET_KL25Z/TOOLCHAIN_ARM_STD/mbed.ar(mbed_wait_api_no_rtos.o)

    ----------------------------------------------------------------------
     17972       1498       1268         80        480      10952   Library Totals
        22          0          8          2          0          0   (incl. Padding)

    ----------------------------------------------------------------------

      Code (inc. data)   RO Data    RW Data    ZI Data      Debug   Library Name

      9496        394        551         16        280       5888   C:\Keil_v5\ARM\ARMCC\Bin\..\lib\armlib\c_p.l
      3720        106        192          0          0       1248   C:\Keil_v5\ARM\ARMCC\Bin\..\lib\armlib\fz_ps.l
        44          4          0          0          0         60   C:\Keil_v5\ARM\ARMCC\Bin\..\lib\armlib\m_ps.l
      4690        994        517         62        200       3756   mbed/TARGET_KL25Z/TOOLCHAIN_ARM_STD/mbed.ar

    ----------------------------------------------------------------------
     17972       1498       1268         80        480      10952   Library Totals

    ----------------------------------------------------------------------

==============================================================================


      Code (inc. data)   RO Data    RW Data    ZI Data      Debug   

     26412       2992       3460        252       1020     138115   Grand Totals
     26412       2992       3460        252       1020     138115   ELF Image Totals
     26412       2992       3460        252          0          0   ROM Totals

==============================================================================

    Total RO  Size (Code + RO Data)                29872 (  29.17kB)
    Total RW  Size (RW Data + ZI Data)              1272 (   1.24kB)
    Total ROM Size (Code + RO Data + RW Data)      30124 (  29.42kB)

==============================================================================

